Archive member included to satisfy reference by file (symbol)

J:/ECE189/MaximSDK/Libraries/PeriphDrivers/bin/MAX78000/softfp/libPeriphDriver_softfp.a(mxc_delay.o)
                              J:/ECE189/MaximSDK/Examples/MAX78000/CameraIF/build/main.o (MXC_Delay)
J:/ECE189/MaximSDK/Libraries/PeriphDrivers/bin/MAX78000/softfp/libPeriphDriver_softfp.a(pins_ai85.o)
                              J:/ECE189/MaximSDK/Examples/MAX78000/CameraIF/build/camera.o (gpio_cfg_pcif_xclk)
J:/ECE189/MaximSDK/Libraries/PeriphDrivers/bin/MAX78000/softfp/libPeriphDriver_softfp.a(sys_ai85.o)
                              J:/ECE189/MaximSDK/Examples/MAX78000/CameraIF/build/board.o (MXC_SYS_ClockEnable)
J:/ECE189/MaximSDK/Libraries/PeriphDrivers/bin/MAX78000/softfp/libPeriphDriver_softfp.a(nvic_table.o)
                              J:/ECE189/MaximSDK/Examples/MAX78000/CameraIF/build/camera.o (MXC_NVIC_SetVector)
J:/ECE189/MaximSDK/Libraries/PeriphDrivers/bin/MAX78000/softfp/libPeriphDriver_softfp.a(cameraif_ai85.o)
                              J:/ECE189/MaximSDK/Examples/MAX78000/CameraIF/build/camera.o (MXC_PCIF_Init)
J:/ECE189/MaximSDK/Libraries/PeriphDrivers/bin/MAX78000/softfp/libPeriphDriver_softfp.a(cameraif_reva.o)
                              J:/ECE189/MaximSDK/Libraries/PeriphDrivers/bin/MAX78000/softfp/libPeriphDriver_softfp.a(cameraif_ai85.o) (MXC_PCIF_RevA_SetDatawidth)
J:/ECE189/MaximSDK/Libraries/PeriphDrivers/bin/MAX78000/softfp/libPeriphDriver_softfp.a(dma_me17.o)
                              J:/ECE189/MaximSDK/Examples/MAX78000/CameraIF/build/main.o (MXC_DMA_Init)
J:/ECE189/MaximSDK/Libraries/PeriphDrivers/bin/MAX78000/softfp/libPeriphDriver_softfp.a(dma_reva.o)
                              J:/ECE189/MaximSDK/Libraries/PeriphDrivers/bin/MAX78000/softfp/libPeriphDriver_softfp.a(dma_me17.o) (MXC_DMA_RevA_Init)
J:/ECE189/MaximSDK/Libraries/PeriphDrivers/bin/MAX78000/softfp/libPeriphDriver_softfp.a(flc_me17.o)
                              J:/ECE189/MaximSDK/Libraries/PeriphDrivers/bin/MAX78000/softfp/libPeriphDriver_softfp.a(sys_ai85.o) (MXC_FLC_UnlockInfoBlock)
J:/ECE189/MaximSDK/Libraries/PeriphDrivers/bin/MAX78000/softfp/libPeriphDriver_softfp.a(flc_reva.o)
                              J:/ECE189/MaximSDK/Libraries/PeriphDrivers/bin/MAX78000/softfp/libPeriphDriver_softfp.a(flc_me17.o) (MXC_FLC_RevA_Busy)
J:/ECE189/MaximSDK/Libraries/PeriphDrivers/bin/MAX78000/softfp/libPeriphDriver_softfp.a(gpio_ai85.o)
                              J:/ECE189/MaximSDK/Examples/MAX78000/CameraIF/build/pb.o (MXC_GPIO_InGet)
J:/ECE189/MaximSDK/Libraries/PeriphDrivers/bin/MAX78000/softfp/libPeriphDriver_softfp.a(gpio_reva.o)
                              J:/ECE189/MaximSDK/Libraries/PeriphDrivers/bin/MAX78000/softfp/libPeriphDriver_softfp.a(gpio_ai85.o) (MXC_GPIO_RevA_InGet)
J:/ECE189/MaximSDK/Libraries/PeriphDrivers/bin/MAX78000/softfp/libPeriphDriver_softfp.a(i2c_me17.o)
                              J:/ECE189/MaximSDK/Examples/MAX78000/CameraIF/build/max20303.o (MXC_I2C_Init)
J:/ECE189/MaximSDK/Libraries/PeriphDrivers/bin/MAX78000/softfp/libPeriphDriver_softfp.a(i2c_reva.o)
                              J:/ECE189/MaximSDK/Libraries/PeriphDrivers/bin/MAX78000/softfp/libPeriphDriver_softfp.a(i2c_me17.o) (MXC_I2C_RevA_DMACallback)
J:/ECE189/MaximSDK/Libraries/PeriphDrivers/bin/MAX78000/softfp/libPeriphDriver_softfp.a(icc_me17.o)
                              J:/ECE189/MaximSDK/Examples/MAX78000/CameraIF/build/main.o (MXC_ICC_Enable)
J:/ECE189/MaximSDK/Libraries/PeriphDrivers/bin/MAX78000/softfp/libPeriphDriver_softfp.a(icc_reva.o)
                              J:/ECE189/MaximSDK/Libraries/PeriphDrivers/bin/MAX78000/softfp/libPeriphDriver_softfp.a(icc_me17.o) (MXC_ICC_RevA_ID)
J:/ECE189/MaximSDK/Libraries/PeriphDrivers/bin/MAX78000/softfp/libPeriphDriver_softfp.a(pt_me17.o)
                              J:/ECE189/MaximSDK/Examples/MAX78000/CameraIF/build/camera.o (MXC_PT_Init)
J:/ECE189/MaximSDK/Libraries/PeriphDrivers/bin/MAX78000/softfp/libPeriphDriver_softfp.a(pt_reva.o)
                              J:/ECE189/MaximSDK/Libraries/PeriphDrivers/bin/MAX78000/softfp/libPeriphDriver_softfp.a(pt_me17.o) (MXC_PT_RevA_Init)
J:/ECE189/MaximSDK/Libraries/PeriphDrivers/bin/MAX78000/softfp/libPeriphDriver_softfp.a(rtc_me17.o)
                              J:/ECE189/MaximSDK/Examples/MAX78000/CameraIF/build/utils.o (MXC_RTC_GetSubSecond)
J:/ECE189/MaximSDK/Libraries/PeriphDrivers/bin/MAX78000/softfp/libPeriphDriver_softfp.a(rtc_reva.o)
                              J:/ECE189/MaximSDK/Libraries/PeriphDrivers/bin/MAX78000/softfp/libPeriphDriver_softfp.a(rtc_me17.o) (MXC_RTC_RevA_GetBusyFlag)
J:/ECE189/MaximSDK/Libraries/PeriphDrivers/bin/MAX78000/softfp/libPeriphDriver_softfp.a(spi_me17.o)
                              J:/ECE189/MaximSDK/Examples/MAX78000/CameraIF/build/tft_ili9341.o (MXC_SPI_Init)
J:/ECE189/MaximSDK/Libraries/PeriphDrivers/bin/MAX78000/softfp/libPeriphDriver_softfp.a(spi_reva.o)
[...]
Memory Configuration

Name             Origin             Length             Attributes
ROM              0x00000000         0x00010000         xr
FLASH            0x10000000         0x00080000         xr
SRAM             0x20000000         0x00020000         xrw
*default*        0x00000000         0xffffffff

Linker script and memory map

LOAD j:/ece189/maximsdk/tools/gnutools/10.3/bin/../lib/gcc/arm-none-eabi/10.3.1/thumb/v7e-m+fp/softfp/crti.o
LOAD j:/ece189/maximsdk/tools/gnutools/10.3/bin/../lib/gcc/arm-none-eabi/10.3.1/thumb/v7e-m+fp/softfp/crtbegin.o
LOAD j:/ece189/maximsdk/tools/gnutools/10.3/bin/../lib/gcc/arm-none-eabi/10.3.1/../../../../arm-none-eabi/lib/thumb/v7e-m+fp/softfp/crt0.o
LOAD J:/ECE189/MaximSDK/Examples/MAX78000/CameraIF/build/main.o
LOAD J:/ECE189/MaximSDK/Examples/MAX78000/CameraIF/build/utils.o
LOAD J:/ECE189/MaximSDK/Examples/MAX78000/CameraIF/build/board.o
LOAD J:/ECE189/MaximSDK/Examples/MAX78000/CameraIF/build/stdio.o
LOAD J:/ECE189/MaximSDK/Examples/MAX78000/CameraIF/build/led.o
LOAD J:/ECE189/MaximSDK/Examples/MAX78000/CameraIF/build/pb.o
LOAD J:/ECE189/MaximSDK/Examples/MAX78000/CameraIF/build/tft_ili9341.o
LOAD J:/ECE189/MaximSDK/Examples/MAX78000/CameraIF/build/camera.o
LOAD J:/ECE189/MaximSDK/Examples/MAX78000/CameraIF/build/ov7692.o
LOAD J:/ECE189/MaximSDK/Examples/MAX78000/CameraIF/build/sccb.o
LOAD J:/ECE189/MaximSDK/Examples/MAX78000/CameraIF/build/max20303.o
LOAD J:/ECE189/MaximSDK/Examples/MAX78000/CameraIF/build/startup_max78000.o
LOAD J:/ECE189/MaximSDK/Examples/MAX78000/CameraIF/build/heap.o
LOAD J:/ECE189/MaximSDK/Examples/MAX78000/CameraIF/build/system_max78000.o
START GROUP
LOAD J:/ECE189/MaximSDK/Libraries/PeriphDrivers/bin/MAX78000/softfp/libPeriphDriver_softfp.a
LOAD j:/ece189/maximsdk/tools/gnutools/10.3/bin/../lib/gcc/arm-none-eabi/10.3.1/../../../../arm-none-eabi/lib/thumb/v7e-m+fp/softfp\libc.a
LOAD j:/ece189/maximsdk/tools/gnutools/10.3/bin/../lib/gcc/arm-none-eabi/10.3.1/../../../../arm-none-eabi/lib/thumb/v7e-m+fp/softfp\libm.a
LOAD j:/ece189/maximsdk/tools/gnutools/10.3/bin/../lib/gcc/arm-none-eabi/10.3.1/../../../../arm-none-eabi/lib/thumb/v7e-m+fp/softfp\libnosys.a
END GROUP
START GROUP
LOAD j:/ece189/maximsdk/tools/gnutools/10.3/bin/../lib/gcc/arm-none-eabi/10.3.1/thumb/v7e-m+fp/softfp\libgcc.a
LOAD j:/ece189/maximsdk/tools/gnutools/10.3/bin/../lib/gcc/arm-none-eabi/10.3.1/../../../../arm-none-eabi/lib/thumb/v7e-m+fp/softfp\libc.a
END GROUP
LOAD j:/ece189/maximsdk/tools/gnutools/10.3/bin/../lib/gcc/arm-none-eabi/10.3.1/thumb/v7e-m+fp/softfp/crtend.o
LOAD j:/ece189/maximsdk/tools/gnutools/10.3/bin/../lib/gcc/arm-none-eabi/10.3.1/thumb/v7e-m+fp/softfp/crtn.o

.rom
 *(.rom_vector)
 *(.rom_handlers*)

.text           0x10000000     0xcea4
                0x10000000                _text = .
 *(.isr_vector)
 .isr_vector    0x10000000      0x1e0 J:/ECE189/MaximSDK/Examples/MAX78000/CameraIF/build/startup_max78000.o
                0x10000000                __isr_vector
 *(.text*)
 .text          0x100001e0       0x40 j:/ece189/maximsdk/tools/gnutools/10.3/bin/../lib/gcc/arm-none-eabi/10.3.1/thumb/v7e-m+fp/softfp/crtbegin.o
 .text.process_img
                0x10000220       0x6c J:/ECE189/MaximSDK/Examples/MAX78000/CameraIF/build/main.o
                0x10000220                process_img
 .text.main     0x1000028c       0xdc J:/ECE189/MaximSDK/Examples/MAX78000/CameraIF/build/main.o
                0x1000028c                main
 .text.utils_send_byte
                0x10000368       0x2a J:/ECE189/MaximSDK/Examples/MAX78000/CameraIF/build/utils.o
 .text.utils_send_bytes
                0x10000392       0x3a J:/ECE189/MaximSDK/Examples/MAX78000/CameraIF/build/utils.o
 .text.utils_stream_img_to_pc_init
                0x100003cc       0xb8 J:/ECE189/MaximSDK/Examples/MAX78000/CameraIF/build/utils.o
                0x100003cc                utils_stream_img_to_pc_init
 .text.utils_stream_image_row_to_pc
                0x10000484       0x24 J:/ECE189/MaximSDK/Examples/MAX78000/CameraIF/build/utils.o
                0x10000484                utils_stream_image_row_to_pc
 .text.mxc_assert
                0x100004a8       0x10 J:/ECE189/MaximSDK/Examples/MAX78000/CameraIF/build/board.o
                0x100004a8                mxc_assert
 .text.Console_Init
                0x100004b8       0x18 J:/ECE189/MaximSDK/Examples/MAX78000/CameraIF/build/board.o
                0x100004b8                Console_Init
 .text.Board_Init
                0x100004d0       0x60 J:/ECE189/MaximSDK/Examples/MAX78000/CameraIF/build/board.o
                0x100004d0                Board_Init
 .text.NMI_Handler
                0x10000530        0x4 J:/ECE189/MaximSDK/Examples/MAX78000/CameraIF/build/board.o
                0x10000530                NMI_Handler
 .text.Camera_Power
                0x10000534       0x1c J:/ECE189/MaximSDK/Examples/MAX78000/CameraIF/build/board.o
                0x10000534                Camera_Power
 .text._close   0x10000550        0x6 J:/ECE189/MaximSDK/Examples/MAX78000/CameraIF/build/stdio.o
                0x10000550                _close
 .text._isatty  0x10000556        0x6 J:/ECE189/MaximSDK/Examples/MAX78000/CameraIF/build/stdio.o
                0x10000556                _isatty
 .text._lseek   0x1000055c        0x6 J:/ECE189/MaximSDK/Examples/MAX78000/CameraIF/build/stdio.o
                0x1000055c                _lseek
 .text._fstat   0x10000562        0x6 J:/ECE189/MaximSDK/Examples/MAX78000/CameraIF/build/stdio.o
                0x10000562                _fstat
 .text._read    0x10000568       0x50 J:/ECE189/MaximSDK/Examples/MAX78000/CameraIF/build/stdio.o
                0x10000568                _read
 .text._write   0x100005b8       0x54 J:/ECE189/MaximSDK/Examples/MAX78000/CameraIF/build/stdio.o
                0x100005b8                _write
 .text.LED_On   0x1000060c       0x44 J:/ECE189/MaximSDK/Examples/MAX78000/CameraIF/build/led.o
                0x1000060c                LED_On
 .text.LED_Off  0x10000650       0x44 J:/ECE189/MaximSDK/Examples/MAX78000/CameraIF/build/led.o
                0x10000650                LED_Off
 .text.LED_Init
                0x10000694       0x3c J:/ECE189/MaximSDK/Examples/MAX78000/CameraIF/build/led.o
                0x10000694                LED_Init
 .text.LED_Toggle
                0x100006d0       0x44 J:/ECE189/MaximSDK/Examples/MAX78000/CameraIF/build/led.o
                0x100006d0                LED_Toggle
 .text.PB_Init  0x10000714       0x38 J:/ECE189/MaximSDK/Examples/MAX78000/CameraIF/build/pb.o
                0x10000714                PB_Init
 .text.GPIO0_IRQHandler
                0x1000074c        0xa J:/ECE189/MaximSDK/Examples/MAX78000/CameraIF/build/pb.o
                0x1000074c                GPIO0_IRQHandler
 .text.GPIO1_IRQHandler
                0x10000756        0xa J:/ECE189/MaximSDK/Examples/MAX78000/CameraIF/build/pb.o
                0x10000756                GPIO1_IRQHandler
 .text.GPIO2_IRQHandler
                0x10000760        0xa J:/ECE189/MaximSDK/Examples/MAX78000/CameraIF/build/pb.o
                0x10000760                GPIO2_IRQHandler
 *fill*         0x1000076a        0x2 
 .text.camera_irq_handler
                0x1000076c      0x128 J:/ECE189/MaximSDK/Examples/MAX78000/CameraIF/build/camera.o
                0x1000076c                camera_irq_handler
 .text.stream_callback
                0x10000894       0xd8 J:/ECE189/MaximSDK/Examples/MAX78000/CameraIF/build/camera.o
 .text.setup_dma
                0x1000096c       0xa8 J:/ECE189/MaximSDK/Examples/MAX78000/CameraIF/build/camera.o
 .text.stream_irq_handler
                0x10000a14        0x8 J:/ECE189/MaximSDK/Examples/MAX78000/CameraIF/build/camera.o
                0x10000a14                stream_irq_handler
 .text.camera_init
                0x10000a1c      0x130 J:/ECE189/MaximSDK/Examples/MAX78000/CameraIF/build/camera.o
                0x10000a1c                camera_init
 .text.camera_setup
                0x10000b4c      0x1d0 J:/ECE189/MaximSDK/Examples/MAX78000/CameraIF/build/camera.o
                0x10000b4c                camera_setup
 .text.camera_write_reg
                0x10000d1c       0x10 J:/ECE189/MaximSDK/Examples/MAX78000/CameraIF/build/camera.o
                0x10000d1c                camera_write_reg
 .text.camera_get_slave_address
                0x10000d2c       0x10 J:/ECE189/MaximSDK/Examples/MAX78000/CameraIF/build/camera.o
                0x10000d2c                camera_get_slave_address
 .text.camera_get_manufacture_id
                0x10000d3c       0x10 J:/ECE189/MaximSDK/Examples/MAX78000/CameraIF/build/camera.o
                0x10000d3c                camera_get_manufacture_id
 .text.camera_start_capture_image
                0x10000d4c       0x40 J:/ECE189/MaximSDK/Examples/MAX78000/CameraIF/build/camera.o
                0x10000d4c                camera_start_capture_image
 .text.camera_is_image_rcv
                0x10000d8c       0x10 J:/ECE189/MaximSDK/Examples/MAX78000/CameraIF/build/camera.o
                0x10000d8c                camera_is_image_rcv
 .text.camera_get_pixel_format
                0x10000d9c       0x60 J:/ECE189/MaximSDK/Examples/MAX78000/CameraIF/build/camera.o
                0x10000d9c                camera_get_pixel_format
 .text.camera_get_image
                0x10000dfc       0x3c J:/ECE189/MaximSDK/Examples/MAX78000/CameraIF/build/camera.o
                0x10000dfc                camera_get_image
 .text.get_camera_stream_buffer
                0x10000e38        0xc J:/ECE189/MaximSDK/Examples/MAX78000/CameraIF/build/camera.o
                0x10000e38                get_camera_stream_buffer
 .text.release_camera_stream_buffer
                0x10000e44        0xc J:/ECE189/MaximSDK/Examples/MAX78000/CameraIF/build/camera.o
                0x10000e44                release_camera_stream_buffer
 .text.get_camera_stream_statistic
                0x10000e50        0x8 J:/ECE189/MaximSDK/Examples/MAX78000/CameraIF/build/camera.o
                0x10000e50                get_camera_stream_statistic
 .text.init     0x10000e58       0x10 J:/ECE189/MaximSDK/Examples/MAX78000/CameraIF/build/ov7692.o
 .text.get_slave_address
                0x10000e68        0xc J:/ECE189/MaximSDK/Examples/MAX78000/CameraIF/build/ov7692.o
 .text.get_pixformat
                0x10000e74       0x10 J:/ECE189/MaximSDK/Examples/MAX78000/CameraIF/build/ov7692.o
 .text.set_saturation
                0x10000e84        0x4 J:/ECE189/MaximSDK/Examples/MAX78000/CameraIF/build/ov7692.o
 .text.get_luminance
                0x10000e88       0x5c J:/ECE189/MaximSDK/Examples/MAX78000/CameraIF/build/ov7692.o
 .text.read_reg
                0x10000ee4       0x20 J:/ECE189/MaximSDK/Examples/MAX78000/CameraIF/build/ov7692.o
 .text.get_manufacture_id
                0x10000f04       0x3c J:/ECE189/MaximSDK/Examples/MAX78000/CameraIF/build/ov7692.o
 .text.get_product_id
                0x10000f40       0x3c J:/ECE189/MaximSDK/Examples/MAX78000/CameraIF/build/ov7692.o
 .text.set_negateimage
                0x10000f7c       0x88 J:/ECE189/MaximSDK/Examples/MAX78000/CameraIF/build/ov7692.o
 .text.set_vflip
                0x10001004       0x4c J:/ECE189/MaximSDK/Examples/MAX78000/CameraIF/build/ov7692.o
 .text.set_hmirror
                0x10001050       0x4c J:/ECE189/MaximSDK/Examples/MAX78000/CameraIF/build/ov7692.o
 .text.set_colorbar
                0x1000109c       0x4c J:/ECE189/MaximSDK/Examples/MAX78000/CameraIF/build/ov7692.o
 .text.set_gainceiling
                0x100010e8       0xd4 J:/ECE189/MaximSDK/Examples/MAX78000/CameraIF/build/ov7692.o
 .text.set_brightness
                0x100011bc       0xc8 J:/ECE189/MaximSDK/Examples/MAX78000/CameraIF/build/ov7692.o
 .text.set_contrast
                0x10001284       0xf8 J:/ECE189/MaximSDK/Examples/MAX78000/CameraIF/build/ov7692.o
 .text.set_windowing
                0x1000137c       0xf8 J:/ECE189/MaximSDK/Examples/MAX78000/CameraIF/build/ov7692.o
 .text.set_framesize
                0x10001474       0xa8 J:/ECE189/MaximSDK/Examples/MAX78000/CameraIF/build/ov7692.o
 .text.set_pixformat
                0x1000151c       0x5c J:/ECE189/MaximSDK/Examples/MAX78000/CameraIF/build/ov7692.o
 .text.write_reg
                0x10001578       0x14 J:/ECE189/MaximSDK/Examples/MAX78000/CameraIF/build/ov7692.o
 .text.sleep    0x1000158c       0x50 J:/ECE189/MaximSDK/Examples/MAX78000/CameraIF/build/ov7692.o
 .text.reset    0x100015dc       0x6c J:/ECE189/MaximSDK/Examples/MAX78000/CameraIF/build/ov7692.o
 .text.dump_registers
                0x10001648       0x84 J:/ECE189/MaximSDK/Examples/MAX78000/CameraIF/build/ov7692.o
 .text.sensor_register
                0x100016cc       0xb4 J:/ECE189/MaximSDK/Examples/MAX78000/CameraIF/build/ov7692.o
                0x100016cc                sensor_register
 .text.start    0x10001780       0x34 J:/ECE189/MaximSDK/Examples/MAX78000/CameraIF/build/sccb.o
 .text.send_byte
                0x100017b4       0x8c J:/ECE189/MaximSDK/Examples/MAX78000/CameraIF/build/sccb.o
 .text.stop     0x10001840       0x2c J:/ECE189/MaximSDK/Examples/MAX78000/CameraIF/build/sccb.o
 .text.get_byte
                0x1000186c       0x58 J:/ECE189/MaximSDK/Examples/MAX78000/CameraIF/build/sccb.o
 .text.send_NACK
                0x100018c4       0x34 J:/ECE189/MaximSDK/Examples/MAX78000/CameraIF/build/sccb.o
 .text.sccb_init
                0x100018f8       0x2c J:/ECE189/MaximSDK/Examples/MAX78000/CameraIF/build/sccb.o
                0x100018f8                sccb_init
 .text.sccb_read_byt
                0x10001924       0x56 J:/ECE189/MaximSDK/Examples/MAX78000/CameraIF/build/sccb.o
                0x10001924                sccb_read_byt
 .text.sccb_write_byt
                0x1000197a       0x4c J:/ECE189/MaximSDK/Examples/MAX78000/CameraIF/build/sccb.o
                0x1000197a                sccb_write_byt
 *fill*         0x100019c6        0x2 
 .text.reg_read
                0x100019c8       0x84 J:/ECE189/MaximSDK/Examples/MAX78000/CameraIF/build/max20303.o
 .text.reg_write
                0x10001a4c       0x6c J:/ECE189/MaximSDK/Examples/MAX78000/CameraIF/build/max20303.o
 .text.reg_write_buf
                0x10001ab8       0x88 J:/ECE189/MaximSDK/Examples/MAX78000/CameraIF/build/max20303.o
 .text.max20303_camera_power
                0x10001b40       0x64 J:/ECE189/MaximSDK/Examples/MAX78000/CameraIF/build/max20303.o
                0x10001b40                max20303_camera_power
 .text.max20303_init
                0x10001ba4       0x6c J:/ECE189/MaximSDK/Examples/MAX78000/CameraIF/build/max20303.o
                0x10001ba4                max20303_init
 .text          0x10001c10      0x148 J:/ECE189/MaximSDK/Examples/MAX78000/CameraIF/build/startup_max78000.o
                0x10001c10                Reset_Handler
                0x10001c4e                HardFault_Handler
                0x10001c50                MemManage_Handler
                0x10001c52                BusFault_Handler
                0x10001c54                UsageFault_Handler
                0x10001c56                SVC_Handler
                0x10001c58                DebugMon_Handler
                0x10001c5a                PendSV_Handler
                0x10001c5c                SysTick_Handler
                0x10001c5e                Default_Handler
                0x10001c60                PF_IRQHandler
                0x10001c62                WDT0_IRQHandler
                0x10001c64                RSV02_IRQHandler
                0x10001c66                RTC_IRQHandler
                0x10001c68                TRNG_IRQHandler
                0x10001c6a                TMR0_IRQHandler
                0x10001c6c                TMR1_IRQHandler
                0x10001c6e                TMR2_IRQHandler
                0x10001c70                TMR3_IRQHandler
                0x10001c72                TMR4_IRQHandler
                0x10001c74                TMR5_IRQHandler
                0x10001c76                RSV11_IRQHandler
                0x10001c78                RSV12_IRQHandler
                0x10001c7a                I2C0_IRQHandler
                0x10001c7c                UART0_IRQHandler
                0x10001c7e                UART1_IRQHandler
                0x10001c80                SPI1_IRQHandler
                0x10001c82                RSV17_IRQHandler
                0x10001c84                RSV18_IRQHandler
                0x10001c86                RSV19_IRQHandler
                0x10001c88                ADC_IRQHandler
                0x10001c8a                RSV21_IRQHandler
                0x10001c8c                RSV22_IRQHandler
                0x10001c8e                FLC0_IRQHandler
                0x10001c96                RSV27_IRQHandler
                0x10001c98                DMA0_IRQHandler
                0x10001c9a                DMA1_IRQHandler
                0x10001c9c                DMA2_IRQHandler
                0x10001c9e                DMA3_IRQHandler
                0x10001ca0                RSV32_IRQHandler
                0x10001ca2                RSV33_IRQHandler
                0x10001ca4                UART2_IRQHandler
                0x10001ca6                RSV35_IRQHandler
                0x10001ca8                I2C1_IRQHandler
                0x10001caa                RSV37_IRQHandler
                0x10001cac                RSV38_IRQHandler
                0x10001cae                RSV39_IRQHandler
                0x10001cb0                RSV40_IRQHandler
                0x10001cb2                RSV41_IRQHandler
                0x10001cb4                RSV42_IRQHandler
                0x10001cb6                RSV43_IRQHandler
                0x10001cb8                RSV44_IRQHandler
                0x10001cba                RSV45_IRQHandler
                0x10001cbc                RSV46_IRQHandler
                0x10001cbe                RSV47_IRQHandler
                0x10001cc0                RSV48_IRQHandler
                0x10001cc2                RSV49_IRQHandler
                0x10001cc4                RSV50_IRQHandler
                0x10001cc6                RSV51_IRQHandler
                0x10001cc8                RSV52_IRQHandler
                0x10001cca                WUT_IRQHandler
                0x10001ccc                GPIOWAKE_IRQHandler
                0x10001cce                RSV55_IRQHandler
                0x10001cd0                SPI0_IRQHandler
                0x10001cd2                WDT1_IRQHandler
                0x10001cd4                RSV58_IRQHandler
                0x10001cd6                PT_IRQHandler
                0x10001cd8                RSV60_IRQHandler
                0x10001cda                RSV61_IRQHandler
                0x10001cdc                I2C2_IRQHandler
                0x10001cde                RISCV_IRQHandler
                0x10001ce0                RSV64_IRQHandler
                0x10001ce2                RSV65_IRQHandler
                0x10001ce4                RSV66_IRQHandler
                0x10001ce6                OWM_IRQHandler
                0x10001ce8                RSV68_IRQHandler
                0x10001cea                RSV69_IRQHandler
                0x10001cec                RSV70_IRQHandler
                0x10001cee                RSV71_IRQHandler
                0x10001cf0                RSV72_IRQHandler
                0x10001cf2                RSV73_IRQHandler
                0x10001cf4                RSV74_IRQHandler
                0x10001cf6                RSV75_IRQHandler
                0x10001cf8                RSV76_IRQHandler
                0x10001cfa                RSV77_IRQHandler
                0x10001cfc                RSV78_IRQHandler
                0x10001cfe                RSV79_IRQHandler
                0x10001d00                RSV80_IRQHandler
                0x10001d02                RSV81_IRQHandler
                0x10001d04                ECC_IRQHandler
                0x10001d06                DVS_IRQHandler
                0x10001d08                SIMO_IRQHandler
                0x10001d0a                RSV85_IRQHandler
                0x10001d0c                RSV86_IRQHandler
                0x10001d0e                RSV87_IRQHandler
                0x10001d10                UART3_IRQHandler
                0x10001d12                RSV89_IRQHandler
                0x10001d14                RSV90_IRQHandler
                0x10001d16                PCIF_IRQHandler
                0x10001d18                RSV92_IRQHandler
                0x10001d1a                RSV93_IRQHandler
                0x10001d1c                RSV94_IRQHandler
                0x10001d1e                RSV95_IRQHandler
                0x10001d20                RSV96_IRQHandler
                0x10001d22                AES_IRQHandler
                0x10001d24                RSV98_IRQHandler
                0x10001d26                I2S_IRQHandler
                0x10001d28                CNN_FIFO_IRQHandler
                0x10001d2a                CNN_IRQHandler
                0x10001d2c                RSV102_IRQHandler
                0x10001d2e                LPCMP_IRQHandler
 .text._sbrk    0x10001d58       0x40 J:/ECE189/MaximSDK/Examples/MAX78000/CameraIF/build/heap.o
                0x10001d58                _sbrk
 .text.SystemCoreClockUpdate
                0x10001d98       0x74 J:/ECE189/MaximSDK/Examples/MAX78000/CameraIF/build/system_max78000.o
                0x10001d98                SystemCoreClockUpdate
 .text.PreInit  0x10001e0c        0x4 J:/ECE189/MaximSDK/Examples/MAX78000/CameraIF/build/system_max78000.o
                0x10001e0c                PreInit
 .text.SystemInit
                0x10001e10       0x38 J:/ECE189/MaximSDK/Examples/MAX78000/CameraIF/build/system_max78000.o
                0x10001e10                SystemInit
 .text.MXC_DelayInit
                0x10001e48       0x84 J:/ECE189/MaximSDK/Libraries/PeriphDrivers/bin/MAX78000/softfp/libPeriphDriver_softfp.a(mxc_delay.o)
 .text.MXC_DelayAsync
                0x10001ecc       0x44 J:/ECE189/MaximSDK/Libraries/PeriphDrivers/bin/MAX78000/softfp/libPeriphDriver_softfp.a(mxc_delay.o)
                0x10001ecc                MXC_DelayAsync
 .text.MXC_DelayAbort
                0x10001f10       0x34 J:/ECE189/MaximSDK/Libraries/PeriphDrivers/bin/MAX78000/softfp/libPeriphDriver_softfp.a(mxc_delay.o)
                0x10001f10                MXC_DelayAbort
 .text.MXC_DelayCheck
                0x10001f44       0x64 J:/ECE189/MaximSDK/Libraries/PeriphDrivers/bin/MAX78000/softfp/libPeriphDriver_softfp.a(mxc_delay.o)
                0x10001f44                MXC_DelayCheck
 .text.MXC_Delay
                0x10001fa8       0x58 J:/ECE189/MaximSDK/Libraries/PeriphDrivers/bin/MAX78000/softfp/libPeriphDriver_softfp.a(mxc_delay.o)
                0x10001fa8                MXC_Delay
 .text.MXC_SYS_IsClockEnabled
                0x10002000       0x54 J:/ECE189/MaximSDK/Libraries/PeriphDrivers/bin/MAX78000/softfp/libPeriphDriver_softfp.a(sys_ai85.o)
                0x10002000                MXC_SYS_IsClockEnabled
 .text.MXC_SYS_ClockDisable
                0x10002054       0x48 J:/ECE189/MaximSDK/Libraries/PeriphDrivers/bin/MAX78000/softfp/libPeriphDriver_softfp.a(sys_ai85.o)
                0x10002054                MXC_SYS_ClockDisable
 .text.MXC_SYS_ClockEnable
                0x1000209c       0x50 J:/ECE189/MaximSDK/Libraries/PeriphDrivers/bin/MAX78000/softfp/libPeriphDriver_softfp.a(sys_ai85.o)
                0x1000209c                MXC_SYS_ClockEnable
 .text.MXC_SYS_Clock_Timeout
                0x100020ec       0x30 J:/ECE189/MaximSDK/Libraries/PeriphDrivers/bin/MAX78000/softfp/libPeriphDriver_softfp.a(sys_ai85.o)
                0x100020ec                MXC_SYS_Clock_Timeout
 .text.MXC_SYS_ClockSourceEnable
                0x1000211c       0x80 J:/ECE189/MaximSDK/Libraries/PeriphDrivers/bin/MAX78000/softfp/libPeriphDriver_softfp.a(sys_ai85.o)
                0x1000211c                MXC_SYS_ClockSourceEnable
 .text.MXC_SYS_Clock_Select
                0x1000219c      0x148 J:/ECE189/MaximSDK/Libraries/PeriphDrivers/bin/MAX78000/softfp/libPeriphDriver_softfp.a(sys_ai85.o)
                0x1000219c                MXC_SYS_Clock_Select
 .text.MXC_SYS_Reset_Periph
                0x100022e4       0x58 J:/ECE189/MaximSDK/Libraries/PeriphDrivers/bin/MAX78000/softfp/libPeriphDriver_softfp.a(sys_ai85.o)
                0x100022e4                MXC_SYS_Reset_Periph
 .text.NVIC_SetRAM
                0x1000233c       0x24 J:/ECE189/MaximSDK/Libraries/PeriphDrivers/bin/MAX78000/softfp/libPeriphDriver_softfp.a(nvic_table.o)
                0x1000233c                NVIC_SetRAM
 .text.MXC_NVIC_SetVector
                0x10002360       0x40 J:/ECE189/MaximSDK/Libraries/PeriphDrivers/bin/MAX78000/softfp/libPeriphDriver_softfp.a(nvic_table.o)
                0x10002360                MXC_NVIC_SetVector
 .text.MXC_PCIF_Init
                0x100023a0       0x78 J:/ECE189/MaximSDK/Libraries/PeriphDrivers/bin/MAX78000/softfp/libPeriphDriver_softfp.a(cameraif_ai85.o)
                0x100023a0                MXC_PCIF_Init
 .text.MXC_PCIF_SetDataWidth
                0x10002418       0x10 J:/ECE189/MaximSDK/Libraries/PeriphDrivers/bin/MAX78000/softfp/libPeriphDriver_softfp.a(cameraif_ai85.o)
                0x10002418                MXC_PCIF_SetDataWidth
 .text.MXC_PCIF_SetTimingSel
                0x10002428       0x10 J:/ECE189/MaximSDK/Libraries/PeriphDrivers/bin/MAX78000/softfp/libPeriphDriver_softfp.a(cameraif_ai85.o)
                0x10002428                MXC_PCIF_SetTimingSel
 .text.MXC_PCIF_SetThreshold
                0x10002438       0x10 J:/ECE189/MaximSDK/Libraries/PeriphDrivers/bin/MAX78000/softfp/libPeriphDriver_softfp.a(cameraif_ai85.o)
                0x10002438                MXC_PCIF_SetThreshold
 .text.MXC_PCIF_EnableInt
                0x10002448       0x10 J:/ECE189/MaximSDK/Libraries/PeriphDrivers/bin/MAX78000/softfp/libPeriphDriver_softfp.a(cameraif_ai85.o)
                0x10002448                MXC_PCIF_EnableInt
 .text.MXC_PCIF_DisableInt
                0x10002458       0x10 J:/ECE189/MaximSDK/Libraries/PeriphDrivers/bin/MAX78000/softfp/libPeriphDriver_softfp.a(cameraif_ai85.o)
                0x10002458                MXC_PCIF_DisableInt
 .text.MXC_PCIF_Start
                0x10002468       0x10 J:/ECE189/MaximSDK/Libraries/PeriphDrivers/bin/MAX78000/softfp/libPeriphDriver_softfp.a(cameraif_ai85.o)
                0x10002468                MXC_PCIF_Start
 .text.MXC_PCIF_RevA_SetDatawidth
                0x10002478       0x12 J:/ECE189/MaximSDK/Libraries/PeriphDrivers/bin/MAX78000/softfp/libPeriphDriver_softfp.a(cameraif_reva.o)
                0x10002478                MXC_PCIF_RevA_SetDatawidth
 .text.MXC_PCIF_RevA_SetTimingSel
                0x1000248a       0x12 J:/ECE189/MaximSDK/Libraries/PeriphDrivers/bin/MAX78000/softfp/libPeriphDriver_softfp.a(cameraif_reva.o)
                0x1000248a                MXC_PCIF_RevA_SetTimingSel
 .text.MXC_PCIF_RevA_SetThreshold
                0x1000249c       0x16 J:/ECE189/MaximSDK/Libraries/PeriphDrivers/bin/MAX78000/softfp/libPeriphDriver_softfp.a(cameraif_reva.o)
                0x1000249c                MXC_PCIF_RevA_SetThreshold
 .text.MXC_PCIF_RevA_EnableInt
                0x100024b2        0xc J:/ECE189/MaximSDK/Libraries/PeriphDrivers/bin/MAX78000/softfp/libPeriphDriver_softfp.a(cameraif_reva.o)
                0x100024b2                MXC_PCIF_RevA_EnableInt
 .text.MXC_PCIF_RevA_DisableInt
                0x100024be        0xe J:/ECE189/MaximSDK/Libraries/PeriphDrivers/bin/MAX78000/softfp/libPeriphDriver_softfp.a(cameraif_reva.o)
                0x100024be                MXC_PCIF_RevA_DisableInt
 .text.MXC_PCIF_RevA_Start
                0x100024cc       0x14 J:/ECE189/MaximSDK/Libraries/PeriphDrivers/bin/MAX78000/softfp/libPeriphDriver_softfp.a(cameraif_reva.o)
                0x100024cc                MXC_PCIF_RevA_Start
 .text.MXC_DMA_Init
                0x100024e0       0x24 J:/ECE189/MaximSDK/Libraries/PeriphDrivers/bin/MAX78000/softfp/libPeriphDriver_softfp.a(dma_me17.o)
                0x100024e0                MXC_DMA_Init
 .text.MXC_DMA_AcquireChannel
                0x10002504       0x10 J:/ECE189/MaximSDK/Libraries/PeriphDrivers/bin/MAX78000/softfp/libPeriphDriver_softfp.a(dma_me17.o)
                0x10002504                MXC_DMA_AcquireChannel
 .text.MXC_DMA_SetCallback
                0x10002514        0x8 J:/ECE189/MaximSDK/Libraries/PeriphDrivers/bin/MAX78000/softfp/libPeriphDriver_softfp.a(dma_me17.o)
                0x10002514                MXC_DMA_SetCallback
 .text.MXC_DMA_ChannelClearFlags
                0x1000251c        0x8 J:/ECE189/MaximSDK/Libraries/PeriphDrivers/bin/MAX78000/softfp/libPeriphDriver_softfp.a(dma_me17.o)
                0x1000251c                MXC_DMA_ChannelClearFlags
 .text.MXC_DMA_Handler
                0x10002524       0x10 J:/ECE189/MaximSDK/Libraries/PeriphDrivers/bin/MAX78000/softfp/libPeriphDriver_softfp.a(dma_me17.o)
                0x10002524                MXC_DMA_Handler
 .text.MXC_DMA_RevA_Init
                0x10002534       0xa4 J:/ECE189/MaximSDK/Libraries/PeriphDrivers/bin/MAX78000/softfp/libPeriphDriver_softfp.a(dma_reva.o)
                0x10002534                MXC_DMA_RevA_Init
 .text.MXC_DMA_RevA_AcquireChannel
                0x100025d8       0x7c J:/ECE189/MaximSDK/Libraries/PeriphDrivers/bin/MAX78000/softfp/libPeriphDriver_softfp.a(dma_reva.o)
                0x100025d8                MXC_DMA_RevA_AcquireChannel
 .text.MXC_DMA_RevA_SetCallback
                0x10002654       0x30 J:/ECE189/MaximSDK/Libraries/PeriphDrivers/bin/MAX78000/softfp/libPeriphDriver_softfp.a(dma_reva.o)
                0x10002654                MXC_DMA_RevA_SetCallback
 .text.MXC_DMA_RevA_ChannelGetFlags
                0x10002684       0x30 J:/ECE189/MaximSDK/Libraries/PeriphDrivers/bin/MAX78000/softfp/libPeriphDriver_softfp.a(dma_reva.o)
                0x10002684                MXC_DMA_RevA_ChannelGetFlags
 .text.MXC_DMA_RevA_ChannelClearFlags
                0x100026b4       0x38 J:/ECE189/MaximSDK/Libraries/PeriphDrivers/bin/MAX78000/softfp/libPeriphDriver_softfp.a(dma_reva.o)
                0x100026b4                MXC_DMA_RevA_ChannelClearFlags
 .text.MXC_DMA_RevA_Handler
                0x100026ec       0x78 J:/ECE189/MaximSDK/Libraries/PeriphDrivers/bin/MAX78000/softfp/libPeriphDriver_softfp.a(dma_reva.o)
                0x100026ec                MXC_DMA_RevA_Handler
 .text.MXC_GPIO_Init
                0x10002764       0x28 J:/ECE189/MaximSDK/Libraries/PeriphDrivers/bin/MAX78000/softfp/libPeriphDriver_softfp.a(gpio_ai85.o)
                0x10002764                MXC_GPIO_Init
 .text.MXC_GPIO_OutSet
                0x1000278c       0x38 J:/ECE189/MaximSDK/Libraries/PeriphDrivers/bin/MAX78000/softfp/libPeriphDriver_softfp.a(gpio_ai85.o)
                0x1000278c                MXC_GPIO_OutSet
 .text.MXC_GPIO_OutClr
                0x100027c4       0x38 J:/ECE189/MaximSDK/Libraries/PeriphDrivers/bin/MAX78000/softfp/libPeriphDriver_softfp.a(gpio_ai85.o)
                0x100027c4                MXC_GPIO_OutClr
 .text.MXC_GPIO_OutToggle
                0x100027fc        0x8 J:/ECE189/MaximSDK/Libraries/PeriphDrivers/bin/MAX78000/softfp/libPeriphDriver_softfp.a(gpio_ai85.o)
                0x100027fc                MXC_GPIO_OutToggle
 .text.MXC_GPIO_Handler
                0x10002804        0x8 J:/ECE189/MaximSDK/Libraries/PeriphDrivers/bin/MAX78000/softfp/libPeriphDriver_softfp.a(gpio_ai85.o)
                0x10002804                MXC_GPIO_Handler
 .text.MXC_GPIO_ClearFlags
                0x1000280c        0x8 J:/ECE189/MaximSDK/Libraries/PeriphDrivers/bin/MAX78000/softfp/libPeriphDriver_softfp.a(gpio_ai85.o)
                0x1000280c                MXC_GPIO_ClearFlags
 .text.MXC_GPIO_GetFlags
                0x10002814        0x8 J:/ECE189/MaximSDK/Libraries/PeriphDrivers/bin/MAX78000/softfp/libPeriphDriver_softfp.a(gpio_ai85.o)
                0x10002814                MXC_GPIO_GetFlags
 .text.MXC_GPIO_SetVSSEL
                0x1000281c        0x8 J:/ECE189/MaximSDK/Libraries/PeriphDrivers/bin/MAX78000/softfp/libPeriphDriver_softfp.a(gpio_ai85.o)
                0x1000281c                MXC_GPIO_SetVSSEL
 .text.MXC_GPIO_Config
                0x10002824      0x22c J:/ECE189/MaximSDK/Libraries/PeriphDrivers/bin/MAX78000/softfp/libPeriphDriver_softfp.a(gpio_ai85.o)
                0x10002824                MXC_GPIO_Config
 .text.MXC_GPIO_RevA_OutSet
                0x10002a50        0x4 J:/ECE189/MaximSDK/Libraries/PeriphDrivers/bin/MAX78000/softfp/libPeriphDriver_softfp.a(gpio_reva.o)
                0x10002a50                MXC_GPIO_RevA_OutSet
 .text.MXC_GPIO_RevA_OutClr
                0x10002a54        0x4 J:/ECE189/MaximSDK/Libraries/PeriphDrivers/bin/MAX78000/softfp/libPeriphDriver_softfp.a(gpio_reva.o)
                0x10002a54                MXC_GPIO_RevA_OutClr
 .text.MXC_GPIO_RevA_OutToggle
                0x10002a58        0x8 J:/ECE189/MaximSDK/Libraries/PeriphDrivers/bin/MAX78000/softfp/libPeriphDriver_softfp.a(gpio_reva.o)
                0x10002a58                MXC_GPIO_RevA_OutToggle
 .text.MXC_GPIO_RevA_ClearFlags
                0x10002a60        0x4 J:/ECE189/MaximSDK/Libraries/PeriphDrivers/bin/MAX78000/softfp/libPeriphDriver_softfp.a(gpio_reva.o)
                0x10002a60                MXC_GPIO_RevA_ClearFlags
 .text.MXC_GPIO_RevA_GetFlags
                0x10002a64        0x4 J:/ECE189/MaximSDK/Libraries/PeriphDrivers/bin/MAX78000/softfp/libPeriphDriver_softfp.a(gpio_reva.o)
                0x10002a64                MXC_GPIO_RevA_GetFlags
 .text.MXC_GPIO_RevA_SetVSSEL
                0x10002a68       0x2a J:/ECE189/MaximSDK/Libraries/PeriphDrivers/bin/MAX78000/softfp/libPeriphDriver_softfp.a(gpio_reva.o)
                0x10002a68                MXC_GPIO_RevA_SetVSSEL
 .text.MXC_GPIO_RevA_SetAF
                0x10002a92       0x72 J:/ECE189/MaximSDK/Libraries/PeriphDrivers/bin/MAX78000/softfp/libPeriphDriver_softfp.a(gpio_reva.o)
                0x10002a92                MXC_GPIO_RevA_SetAF
 .text.MXC_I2C_SetSlaveAddr
                0x10002b04        0x8 J:/ECE189/MaximSDK/Libraries/PeriphDrivers/bin/MAX78000/softfp/libPeriphDriver_softfp.a(i2c_me17.o)
                0x10002b04                MXC_I2C_SetSlaveAddr
 .text.MXC_I2C_Shutdown
                0x10002b0c       0x58 J:/ECE189/MaximSDK/Libraries/PeriphDrivers/bin/MAX78000/softfp/libPeriphDriver_softfp.a(i2c_me17.o)
                0x10002b0c                MXC_I2C_Shutdown
 .text.MXC_I2C_Init
                0x10002b64       0x78 J:/ECE189/MaximSDK/Libraries/PeriphDrivers/bin/MAX78000/softfp/libPeriphDriver_softfp.a(i2c_me17.o)
                0x10002b64                MXC_I2C_Init
 .text.MXC_I2C_SetFrequency
                0x10002bdc       0x18 J:/ECE189/MaximSDK/Libraries/PeriphDrivers/bin/MAX78000/softfp/libPeriphDriver_softfp.a(i2c_me17.o)
                0x10002bdc                MXC_I2C_SetFrequency
 .text.MXC_I2C_GetFrequency
                0x10002bf4        0x8 J:/ECE189/MaximSDK/Libraries/PeriphDrivers/bin/MAX78000/softfp/libPeriphDriver_softfp.a(i2c_me17.o)
                0x10002bf4                MXC_I2C_GetFrequency
 .text.MXC_I2C_ClearRXFIFO
                0x10002bfc        0x8 J:/ECE189/MaximSDK/Libraries/PeriphDrivers/bin/MAX78000/softfp/libPeriphDriver_softfp.a(i2c_me17.o)
                0x10002bfc                MXC_I2C_ClearRXFIFO
 .text.MXC_I2C_ClearTXFIFO
                0x10002c04        0x8 J:/ECE189/MaximSDK/Libraries/PeriphDrivers/bin/MAX78000/softfp/libPeriphDriver_softfp.a(i2c_me17.o)
                0x10002c04                MXC_I2C_ClearTXFIFO
 .text.MXC_I2C_Recover
                0x10002c0c        0x8 J:/ECE189/MaximSDK/Libraries/PeriphDrivers/bin/MAX78000/softfp/libPeriphDriver_softfp.a(i2c_me17.o)
                0x10002c0c                MXC_I2C_Recover
 .text.MXC_I2C_SetRXThreshold
                0x10002c14        0x8 J:/ECE189/MaximSDK/Libraries/PeriphDrivers/bin/MAX78000/softfp/libPeriphDriver_softfp.a(i2c_me17.o)
                0x10002c14                MXC_I2C_SetRXThreshold
 .text.MXC_I2C_SetTXThreshold
                0x10002c1c        0x8 J:/ECE189/MaximSDK/Libraries/PeriphDrivers/bin/MAX78000/softfp/libPeriphDriver_softfp.a(i2c_me17.o)
                0x10002c1c                MXC_I2C_SetTXThreshold
 .text.MXC_I2C_RevA_Init
                0x10002c24       0xd0 J:/ECE189/MaximSDK/Libraries/PeriphDrivers/bin/MAX78000/softfp/libPeriphDriver_softfp.a(i2c_reva.o)
                0x10002c24                MXC_I2C_RevA_Init
 .text.MXC_I2C_RevA_SetSlaveAddr
                0x10002cf4       0x36 J:/ECE189/MaximSDK/Libraries/PeriphDrivers/bin/MAX78000/softfp/libPeriphDriver_softfp.a(i2c_reva.o)
                0x10002cf4                MXC_I2C_RevA_SetSlaveAddr
 *fill*         0x10002d2a        0x2 
 .text.MXC_I2C_RevA_SetFrequency
                0x10002d2c       0x8c J:/ECE189/MaximSDK/Libraries/PeriphDrivers/bin/MAX78000/softfp/libPeriphDriver_softfp.a(i2c_reva.o)
                0x10002d2c                MXC_I2C_RevA_SetFrequency
 .text.MXC_I2C_RevA_GetFrequency
                0x10002db8       0x20 J:/ECE189/MaximSDK/Libraries/PeriphDrivers/bin/MAX78000/softfp/libPeriphDriver_softfp.a(i2c_reva.o)
                0x10002db8                MXC_I2C_RevA_GetFrequency
 .text.MXC_I2C_RevA_ClearRXFIFO
                0x10002dd8       0x12 J:/ECE189/MaximSDK/Libraries/PeriphDrivers/bin/MAX78000/softfp/libPeriphDriver_softfp.a(i2c_reva.o)
                0x10002dd8                MXC_I2C_RevA_ClearRXFIFO
 .text.MXC_I2C_RevA_ClearTXFIFO
                0x10002dea       0x12 J:/ECE189/MaximSDK/Libraries/PeriphDrivers/bin/MAX78000/softfp/libPeriphDriver_softfp.a(i2c_reva.o)
                0x10002dea                MXC_I2C_RevA_ClearTXFIFO
 .text.MXC_I2C_RevA_Recover
                0x10002dfc       0xd8 J:/ECE189/MaximSDK/Libraries/PeriphDrivers/bin/MAX78000/softfp/libPeriphDriver_softfp.a(i2c_reva.o)
                0x10002dfc                MXC_I2C_RevA_Recover
 .text.MXC_I2C_RevA_SetRXThreshold
                0x10002ed4       0x1e J:/ECE189/MaximSDK/Libraries/PeriphDrivers/bin/MAX78000/softfp/libPeriphDriver_softfp.a(i2c_reva.o)
                0x10002ed4                MXC_I2C_RevA_SetRXThreshold
 .text.MXC_I2C_RevA_SetTXThreshold
                0x10002ef2       0x20 J:/ECE189/MaximSDK/Libraries/PeriphDrivers/bin/MAX78000/softfp/libPeriphDriver_softfp.a(i2c_reva.o)
                0x10002ef2                MXC_I2C_RevA_SetTXThreshold
 .text.MXC_ICC_Enable
                0x10002f12        0x8 J:/ECE189/MaximSDK/Libraries/PeriphDrivers/bin/MAX78000/softfp/libPeriphDriver_softfp.a(icc_me17.o)
                0x10002f12                MXC_ICC_Enable
 .text.MXC_ICC_Ready
                0x10002f1a        0xa J:/ECE189/MaximSDK/Libraries/PeriphDrivers/bin/MAX78000/softfp/libPeriphDriver_softfp.a(icc_reva.o)
 .text.MXC_ICC_RevA_Enable
                0x10002f24       0x38 J:/ECE189/MaximSDK/Libraries/PeriphDrivers/bin/MAX78000/softfp/libPeriphDriver_softfp.a(icc_reva.o)
                0x10002f24                MXC_ICC_RevA_Enable
 .text.MXC_PT_Init
                0x10002f5c       0xbc J:/ECE189/MaximSDK/Libraries/PeriphDrivers/bin/MAX78000/softfp/libPeriphDriver_softfp.a(pt_me17.o)
                0x10002f5c                MXC_PT_Init
 .text.MXC_PT_Config
                0x10003018       0x5c J:/ECE189/MaximSDK/Libraries/PeriphDrivers/bin/MAX78000/softfp/libPeriphDriver_softfp.a(pt_me17.o)
                0x10003018                MXC_PT_Config
 .text.MXC_PT_SqrWaveConfig
                0x10003074       0x20 J:/ECE189/MaximSDK/Libraries/PeriphDrivers/bin/MAX78000/softfp/libPeriphDriver_softfp.a(pt_me17.o)
                0x10003074                MXC_PT_SqrWaveConfig
 .text.MXC_PT_Start
                0x10003094       0x10 J:/ECE189/MaximSDK/Libraries/PeriphDrivers/bin/MAX78000/softfp/libPeriphDriver_softfp.a(pt_me17.o)
                0x10003094                MXC_PT_Start
 .text.MXC_PT_IsActive
                0x100030a4       0x10 J:/ECE189/MaximSDK/Libraries/PeriphDrivers/bin/MAX78000/softfp/libPeriphDriver_softfp.a(pt_me17.o)
                0x100030a4                MXC_PT_IsActive
 .text.MXC_PT_RevA_Init
                0x100030b4        0xa J:/ECE189/MaximSDK/Libraries/PeriphDrivers/bin/MAX78000/softfp/libPeriphDriver_softfp.a(pt_reva.o)
                0x100030b4                MXC_PT_RevA_Init
 .text.MXC_PT_RevA_SqrWaveConfig
                0x100030be       0x14 J:/ECE189/MaximSDK/Libraries/PeriphDrivers/bin/MAX78000/softfp/libPeriphDriver_softfp.a(pt_reva.o)
                0x100030be                MXC_PT_RevA_SqrWaveConfig
 .text.MXC_PT_RevA_Start
                0x100030d2       0x10 J:/ECE189/MaximSDK/Libraries/PeriphDrivers/bin/MAX78000/softfp/libPeriphDriver_softfp.a(pt_reva.o)
                0x100030d2                MXC_PT_RevA_Start
 .text.MXC_PT_RevA_Stop
                0x100030e2        0xa J:/ECE189/MaximSDK/Libraries/PeriphDrivers/bin/MAX78000/softfp/libPeriphDriver_softfp.a(pt_reva.o)
                0x100030e2                MXC_PT_RevA_Stop
 .text.MXC_PT_RevA_Config
                0x100030ec       0xc0 J:/ECE189/MaximSDK/Libraries/PeriphDrivers/bin/MAX78000/softfp/libPeriphDriver_softfp.a(pt_reva.o)
                0x100030ec                MXC_PT_RevA_Config
 .text.MXC_PT_RevA_IsActive
                0x100031ac        0xc J:/ECE189/MaximSDK/Libraries/PeriphDrivers/bin/MAX78000/softfp/libPeriphDriver_softfp.a(pt_reva.o)
                0x100031ac                MXC_PT_RevA_IsActive
 .text.MXC_UART_Shutdown
                0x100031b8       0x70 J:/ECE189/MaximSDK/Libraries/PeriphDrivers/bin/MAX78000/softfp/libPeriphDriver_softfp.a(uart_ai85.o)
                0x100031b8                MXC_UART_Shutdown
 .text.MXC_UART_Init
                0x10003228       0xa4 J:/ECE189/MaximSDK/Libraries/PeriphDrivers/bin/MAX78000/softfp/libPeriphDriver_softfp.a(uart_ai85.o)
                0x10003228                MXC_UART_Init
 .text.MXC_UART_GetFrequency
                0x100032cc       0x8c J:/ECE189/MaximSDK/Libraries/PeriphDrivers/bin/MAX78000/softfp/libPeriphDriver_softfp.a(uart_ai85.o)
                0x100032cc                MXC_UART_GetFrequency
 .text.MXC_UART_SetFrequency
                0x10003358       0xcc J:/ECE189/MaximSDK/Libraries/PeriphDrivers/bin/MAX78000/softfp/libPeriphDriver_softfp.a(uart_ai85.o)
                0x10003358                MXC_UART_SetFrequency
 .text.MXC_UART_SetDataSize
                0x10003424        0x8 J:/ECE189/MaximSDK/Libraries/PeriphDrivers/bin/MAX78000/softfp/libPeriphDriver_softfp.a(uart_ai85.o)
                0x10003424                MXC_UART_SetDataSize
 .text.MXC_UART_SetStopBits
                0x1000342c        0x8 J:/ECE189/MaximSDK/Libraries/PeriphDrivers/bin/MAX78000/softfp/libPeriphDriver_softfp.a(uart_ai85.o)
                0x1000342c                MXC_UART_SetStopBits
 .text.MXC_UART_SetParity
                0x10003434        0x8 J:/ECE189/MaximSDK/Libraries/PeriphDrivers/bin/MAX78000/softfp/libPeriphDriver_softfp.a(uart_ai85.o)
                0x10003434                MXC_UART_SetParity
 .text.MXC_UART_ReadCharacterRaw
                0x1000343c        0x8 J:/ECE189/MaximSDK/Libraries/PeriphDrivers/bin/MAX78000/softfp/libPeriphDriver_softfp.a(uart_ai85.o)
                0x1000343c                MXC_UART_ReadCharacterRaw
 .text.MXC_UART_WriteCharacterRaw
                0x10003444        0x8 J:/ECE189/MaximSDK/Libraries/PeriphDrivers/bin/MAX78000/softfp/libPeriphDriver_softfp.a(uart_ai85.o)
                0x10003444                MXC_UART_WriteCharacterRaw
 .text.MXC_UART_ReadCharacter
                0x1000344c        0x8 J:/ECE189/MaximSDK/Libraries/PeriphDrivers/bin/MAX78000/softfp/libPeriphDriver_softfp.a(uart_ai85.o)
                0x1000344c                MXC_UART_ReadCharacter
 .text.MXC_UART_WriteCharacter
                0x10003454        0x8 J:/ECE189/MaximSDK/Libraries/PeriphDrivers/bin/MAX78000/softfp/libPeriphDriver_softfp.a(uart_ai85.o)
                0x10003454                MXC_UART_WriteCharacter
 .text.MXC_UART_GetRXFIFOAvailable
                0x1000345c        0x8 J:/ECE189/MaximSDK/Libraries/PeriphDrivers/bin/MAX78000/softfp/libPeriphDriver_softfp.a(uart_ai85.o)
                0x1000345c                MXC_UART_GetRXFIFOAvailable
 .text.MXC_UART_GetTXFIFOAvailable
                0x10003464        0x8 J:/ECE189/MaximSDK/Libraries/PeriphDrivers/bin/MAX78000/softfp/libPeriphDriver_softfp.a(uart_ai85.o)
                0x10003464                MXC_UART_GetTXFIFOAvailable
 .text.MXC_UART_SetRXThreshold
                0x1000346c        0x8 J:/ECE189/MaximSDK/Libraries/PeriphDrivers/bin/MAX78000/softfp/libPeriphDriver_softfp.a(uart_ai85.o)
                0x1000346c                MXC_UART_SetRXThreshold
 .text.MXC_UART_Common_ReadCharacter
                0x10003474       0x16 J:/ECE189/MaximSDK/Libraries/PeriphDrivers/bin/MAX78000/softfp/libPeriphDriver_softfp.a(uart_common.o)
                0x10003474                MXC_UART_Common_ReadCharacter
 .text.MXC_UART_Common_WriteCharacter
                0x1000348a       0x1a J:/ECE189/MaximSDK/Libraries/PeriphDrivers/bin/MAX78000/softfp/libPeriphDriver_softfp.a(uart_common.o)
                0x1000348a                MXC_UART_Common_WriteCharacter
 .text.MXC_UART_RevB_Init
                0x100034a4       0x7c J:/ECE189/MaximSDK/Libraries/PeriphDrivers/bin/MAX78000/softfp/libPeriphDriver_softfp.a(uart_revb.o)
                0x100034a4                MXC_UART_RevB_Init
 .text.MXC_UART_RevB_SetFrequency
                0x10003520       0x88 J:/ECE189/MaximSDK/Libraries/PeriphDrivers/bin/MAX78000/softfp/libPeriphDriver_softfp.a(uart_revb.o)
                0x10003520                MXC_UART_RevB_SetFrequency
 .text.MXC_UART_RevB_GetFrequency
                0x100035a8       0x70 J:/ECE189/MaximSDK/Libraries/PeriphDrivers/bin/MAX78000/softfp/libPeriphDriver_softfp.a(uart_revb.o)
                0x100035a8                MXC_UART_RevB_GetFrequency
 .text.MXC_UART_RevB_SetDataSize
                0x10003618       0x48 J:/ECE189/MaximSDK/Libraries/PeriphDrivers/bin/MAX78000/softfp/libPeriphDriver_softfp.a(uart_revb.o)
                0x10003618                MXC_UART_RevB_SetDataSize
 .text.MXC_UART_RevB_SetStopBits
                0x10003660       0x4c J:/ECE189/MaximSDK/Libraries/PeriphDrivers/bin/MAX78000/softfp/libPeriphDriver_softfp.a(uart_revb.o)
                0x10003660                MXC_UART_RevB_SetStopBits
 .text.MXC_UART_RevB_SetParity
                0x100036ac       0xb8 J:/ECE189/MaximSDK/Libraries/PeriphDrivers/bin/MAX78000/softfp/libPeriphDriver_softfp.a(uart_revb.o)
                0x100036ac                MXC_UART_RevB_SetParity
 .text.MXC_UART_RevB_ReadCharacterRaw
                0x10003764       0x3c J:/ECE189/MaximSDK/Libraries/PeriphDrivers/bin/MAX78000/softfp/libPeriphDriver_softfp.a(uart_revb.o)
                0x10003764                MXC_UART_RevB_ReadCharacterRaw
 .text.MXC_UART_RevB_WriteCharacterRaw
                0x100037a0       0x3c J:/ECE189/MaximSDK/Libraries/PeriphDrivers/bin/MAX78000/softfp/libPeriphDriver_softfp.a(uart_revb.o)
                0x100037a0                MXC_UART_RevB_WriteCharacterRaw
 .text.MXC_UART_RevB_GetRXFIFOAvailable
                0x100037dc        0x8 J:/ECE189/MaximSDK/Libraries/PeriphDrivers/bin/MAX78000/softfp/libPeriphDriver_softfp.a(uart_revb.o)
                0x100037dc                MXC_UART_RevB_GetRXFIFOAvailable
 .text.MXC_UART_RevB_GetTXFIFOAvailable
                0x100037e4        0xc J:/ECE189/MaximSDK/Libraries/PeriphDrivers/bin/MAX78000/softfp/libPeriphDriver_softfp.a(uart_revb.o)
                0x100037e4                MXC_UART_RevB_GetTXFIFOAvailable
 .text.MXC_UART_RevB_SetRXThreshold
                0x100037f0       0x48 J:/ECE189/MaximSDK/Libraries/PeriphDrivers/bin/MAX78000/softfp/libPeriphDriver_softfp.a(uart_revb.o)
                0x100037f0                MXC_UART_RevB_SetRXThreshold
 .text.MXC_GetLock
                0x10003838       0x1c J:/ECE189/MaximSDK/Libraries/PeriphDrivers/bin/MAX78000/softfp/libPeriphDriver_softfp.a(mxc_lock.o)
                0x10003838                MXC_GetLock
 .text.MXC_FreeLock
                0x10003854        0xa J:/ECE189/MaximSDK/Libraries/PeriphDrivers/bin/MAX78000/softfp/libPeriphDriver_softfp.a(mxc_lock.o)
                0x10003854                MXC_FreeLock
 *fill*         0x1000385e        0x2 
 .text.MXC_GPIO_Common_Init
                0x10003860       0x40 J:/ECE189/MaximSDK/Libraries/PeriphDrivers/bin/MAX78000/softfp/libPeriphDriver_softfp.a(gpio_common.o)
                0x10003860                MXC_GPIO_Common_Init
 .text.MXC_GPIO_Common_Handler
                0x100038a0       0x90 J:/ECE189/MaximSDK/Libraries/PeriphDrivers/bin/MAX78000/softfp/libPeriphDriver_softfp.a(gpio_common.o)
                0x100038a0                MXC_GPIO_Common_Handler
 .text.__errno  0x10003930        0xc j:/ece189/maximsdk/tools/gnutools/10.3/bin/../lib/gcc/arm-none-eabi/10.3.1/../../../../arm-none-eabi/lib/thumb/v7e-m+fp/softfp\libc.a(lib_a-errno.o)
                0x10003930                __errno
 .text.__libc_init_array
                0x1000393c       0x48 j:/ece189/maximsdk/tools/gnutools/10.3/bin/../lib/gcc/arm-none-eabi/10.3.1/../../../../arm-none-eabi/lib/thumb/v7e-m+fp/softfp\libc.a(lib_a-init.o)
                0x1000393c                __libc_init_array
 .text.malloc   0x10003984       0x10 j:/ece189/maximsdk/tools/gnutools/10.3/bin/../lib/gcc/arm-none-eabi/10.3.1/../../../../arm-none-eabi/lib/thumb/v7e-m+fp/softfp\libc.a(lib_a-malloc.o)
                0x10003984                malloc
 .text.free     0x10003994       0x10 j:/ece189/maximsdk/tools/gnutools/10.3/bin/../lib/gcc/arm-none-eabi/10.3.1/../../../../arm-none-eabi/lib/thumb/v7e-m+fp/softfp\libc.a(lib_a-malloc.o)
                0x10003994                free
 .text._malloc_r
                0x100039a4      0x560 j:/ece189/maximsdk/tools/gnutools/10.3/bin/../lib/gcc/arm-none-eabi/10.3.1/../../../../arm-none-eabi/lib/thumb/v7e-m+fp/softfp\libc.a(lib_a-mallocr.o)
                0x100039a4                _malloc_r
 .text          0x10003f04      0x134 j:/ece189/maximsdk/tools/gnutools/10.3/bin/../lib/gcc/arm-none-eabi/10.3.1/../../../../arm-none-eabi/lib/thumb/v7e-m+fp/softfp\libc.a(lib_a-memcpy.o)
                0x10003f04                memcpy
 .text.memset   0x10004038       0xa4 j:/ece189/maximsdk/tools/gnutools/10.3/bin/../lib/gcc/arm-none-eabi/10.3.1/../../../../arm-none-eabi/lib/thumb/v7e-m+fp/softfp\libc.a(lib_a-memset.o)
                0x10004038                memset
 .text.__malloc_lock
                0x100040dc        0xc j:/ece189/maximsdk/tools/gnutools/10.3/bin/../lib/gcc/arm-none-eabi/10.3.1/../../../../arm-none-eabi/lib/thumb/v7e-m+fp/softfp\libc.a(lib_a-mlock.o)
                0x100040dc                __malloc_lock
 .text.__malloc_unlock
                0x100040e8        0xc j:/ece189/maximsdk/tools/gnutools/10.3/bin/../lib/gcc/arm-none-eabi/10.3.1/../../../../arm-none-eabi/lib/thumb/v7e-m+fp/softfp\libc.a(lib_a-mlock.o)
                0x100040e8                __malloc_unlock
 .text.printf   0x100040f4       0x28 j:/ece189/maximsdk/tools/gnutools/10.3/bin/../lib/gcc/arm-none-eabi/10.3.1/../../../../arm-none-eabi/lib/thumb/v7e-m+fp/softfp\libc.a(lib_a-printf.o)
                0x100040f4                printf
 .text._puts_r  0x1000411c       0x9c j:/ece189/maximsdk/tools/gnutools/10.3/bin/../lib/gcc/arm-none-eabi/10.3.1/../../../../arm-none-eabi/lib/thumb/v7e-m+fp/softfp\libc.a(lib_a-puts.o)
                0x1000411c                _puts_r
 .text.puts     0x100041b8       0x10 j:/ece189/maximsdk/tools/gnutools/10.3/bin/../lib/gcc/arm-none-eabi/10.3.1/../../../../arm-none-eabi/lib/thumb/v7e-m+fp/softfp\libc.a(lib_a-puts.o)
                0x100041b8                puts
 .text._sbrk_r  0x100041c8       0x24 j:/ece189/maximsdk/tools/gnutools/10.3/bin/../lib/gcc/arm-none-eabi/10.3.1/../../../../arm-none-eabi/lib/thumb/v7e-m+fp/softfp\libc.a(lib_a-sbrkr.o)
                0x100041c8                _sbrk_r
 .text.sprintf  0x100041ec       0x40 j:/ece189/maximsdk/tools/gnutools/10.3/bin/../lib/gcc/arm-none-eabi/10.3.1/../../../../arm-none-eabi/lib/thumb/v7e-m+fp/softfp\libc.a(lib_a-sprintf.o)
                0x100041ec                sprintf
 *fill*         0x1000422c       0x14 
 .text          0x10004240       0xdc j:/ece189/maximsdk/tools/gnutools/10.3/bin/../lib/gcc/arm-none-eabi/10.3.1/../../../../arm-none-eabi/lib/thumb/v7e-m+fp/softfp\libc.a(lib_a-strlen.o)
                0x10004240                strlen
 *fill*         0x1000431c        0x4 
 .text._svfprintf_r
                0x10004320     0x1ac8 j:/ece189/maximsdk/tools/gnutools/10.3/bin/../lib/gcc/arm-none-eabi/10.3.1/../../../../arm-none-eabi/lib/thumb/v7e-m+fp/softfp\libc.a(lib_a-svfprintf.o)
                0x10004320                _svfprintf_r
 .text._vfprintf_r
                0x10005de8     0x1b8c j:/ece189/maximsdk/tools/gnutools/10.3/bin/../lib/gcc/arm-none-eabi/10.3.1/../../../../arm-none-eabi/lib/thumb/v7e-m+fp/softfp\libc.a(lib_a-vfprintf.o)
                0x10005de8                _vfprintf_r
 .text.__sbprintf
                0x10007974       0x80 j:/ece189/maximsdk/tools/gnutools/10.3/bin/../lib/gcc/arm-none-eabi/10.3.1/../../../../arm-none-eabi/lib/thumb/v7e-m+fp/softfp\libc.a(lib_a-vfprintf.o)
 .text.__swsetup_r
                0x100079f4       0xd4 j:/ece189/maximsdk/tools/gnutools/10.3/bin/../lib/gcc/arm-none-eabi/10.3.1/../../../../arm-none-eabi/lib/thumb/v7e-m+fp/softfp\libc.a(lib_a-wsetup.o)
                0x100079f4                __swsetup_r
 .text.startup.register_fini
                0x10007ac8       0x14 j:/ece189/maximsdk/tools/gnutools/10.3/bin/../lib/gcc/arm-none-eabi/10.3.1/../../../../arm-none-eabi/lib/thumb/v7e-m+fp/softfp\libc.a(lib_a-__call_atexit.o)
 .text.atexit   0x10007adc        0xc j:/ece189/maximsdk/tools/gnutools/10.3/bin/../lib/gcc/arm-none-eabi/10.3.1/../../../../arm-none-eabi/lib/thumb/v7e-m+fp/softfp\libc.a(lib_a-atexit.o)
                0x10007adc                atexit
 .text.quorem   0x10007ae8      0x128 j:/ece189/maximsdk/tools/gnutools/10.3/bin/../lib/gcc/arm-none-eabi/10.3.1/../../../../arm-none-eabi/lib/thumb/v7e-m+fp/softfp\libc.a(lib_a-dtoa.o)
 .text._dtoa_r  0x10007c10      0xf34 j:/ece189/maximsdk/tools/gnutools/10.3/bin/../lib/gcc/arm-none-eabi/10.3.1/../../../../arm-none-eabi/lib/thumb/v7e-m+fp/softfp\libc.a(lib_a-dtoa.o)
                0x10007c10                _dtoa_r
 .text.__sflush_r
                0x10008b44      0x130 j:/ece189/maximsdk/tools/gnutools/10.3/bin/../lib/gcc/arm-none-eabi/10.3.1/../../../../arm-none-eabi/lib/thumb/v7e-m+fp/softfp\libc.a(lib_a-fflush.o)
                0x10008b44                __sflush_r
 .text._fflush_r
                0x10008c74       0x5c j:/ece189/maximsdk/tools/gnutools/10.3/bin/../lib/gcc/arm-none-eabi/10.3.1/../../../../arm-none-eabi/lib/thumb/v7e-m+fp/softfp\libc.a(lib_a-fflush.o)
                0x10008c74                _fflush_r
 .text._cleanup_r
                0x10008cd0        0xc j:/ece189/maximsdk/tools/gnutools/10.3/bin/../lib/gcc/arm-none-eabi/10.3.1/../../../../arm-none-eabi/lib/thumb/v7e-m+fp/softfp\libc.a(lib_a-findfp.o)
                0x10008cd0                _cleanup_r
 .text.__sinit  0x10008cdc      0x10c j:/ece189/maximsdk/tools/gnutools/10.3/bin/../lib/gcc/arm-none-eabi/10.3.1/../../../../arm-none-eabi/lib/thumb/v7e-m+fp/softfp\libc.a(lib_a-findfp.o)
                0x10008cdc                __sinit
 .text.__sfp_lock_acquire
                0x10008de8        0xc j:/ece189/maximsdk/tools/gnutools/10.3/bin/../lib/gcc/arm-none-eabi/10.3.1/../../../../arm-none-eabi/lib/thumb/v7e-m+fp/softfp\libc.a(lib_a-findfp.o)
                0x10008de8                __sfp_lock_acquire
 .text.__sfp_lock_release
                0x10008df4        0xc j:/ece189/maximsdk/tools/gnutools/10.3/bin/../lib/gcc/arm-none-eabi/10.3.1/../../../../arm-none-eabi/lib/thumb/v7e-m+fp/softfp\libc.a(lib_a-findfp.o)
                0x10008df4                __sfp_lock_release
 .text.__libc_fini_array
                0x10008e00       0x2c j:/ece189/maximsdk/tools/gnutools/10.3/bin/../lib/gcc/arm-none-eabi/10.3.1/../../../../arm-none-eabi/lib/thumb/v7e-m+fp/softfp\libc.a(lib_a-fini.o)
                0x10008e00                __libc_fini_array
 .text._malloc_trim_r
                0x10008e2c       0xa0 j:/ece189/maximsdk/tools/gnutools/10.3/bin/../lib/gcc/arm-none-eabi/10.3.1/../../../../arm-none-eabi/lib/thumb/v7e-m+fp/softfp\libc.a(lib_a-freer.o)
                0x10008e2c                _malloc_trim_r
 .text._free_r  0x10008ecc      0x20c j:/ece189/maximsdk/tools/gnutools/10.3/bin/../lib/gcc/arm-none-eabi/10.3.1/../../../../arm-none-eabi/lib/thumb/v7e-m+fp/softfp\libc.a(lib_a-freer.o)
                0x10008ecc                _free_r
 .text.__sfvwrite_r
                0x100090d8      0x2f0 j:/ece189/maximsdk/tools/gnutools/10.3/bin/../lib/gcc/arm-none-eabi/10.3.1/../../../../arm-none-eabi/lib/thumb/v7e-m+fp/softfp\libc.a(lib_a-fvwrite.o)
                0x100090d8                __sfvwrite_r
 .text._fwalk_reent
                0x100093c8       0x48 j:/ece189/maximsdk/tools/gnutools/10.3/bin/../lib/gcc/arm-none-eabi/10.3.1/../../../../arm-none-eabi/lib/thumb/v7e-m+fp/softfp\libc.a(lib_a-fwalk.o)
                0x100093c8                _fwalk_reent
 .text._localeconv_r
                0x10009410        0x8 j:/ece189/maximsdk/tools/gnutools/10.3/bin/../lib/gcc/arm-none-eabi/10.3.1/../../../../arm-none-eabi/lib/thumb/v7e-m+fp/softfp\libc.a(lib_a-localeconv.o)
                0x10009410                _localeconv_r
 .text.__retarget_lock_init_recursive
                0x10009418        0x4 j:/ece189/maximsdk/tools/gnutools/10.3/bin/../lib/gcc/arm-none-eabi/10.3.1/../../../../arm-none-eabi/lib/thumb/v7e-m+fp/softfp\libc.a(lib_a-lock.o)
                0x10009418                __retarget_lock_init_recursive
 .text.__retarget_lock_close_recursive
                0x1000941c        0x4 j:/ece189/maximsdk/tools/gnutools/10.3/bin/../lib/gcc/arm-none-eabi/10.3.1/../../../../arm-none-eabi/lib/thumb/v7e-m+fp/softfp\libc.a(lib_a-lock.o)
                0x1000941c                __retarget_lock_close_recursive
 .text.__retarget_lock_acquire_recursive
                0x10009420        0x4 j:/ece189/maximsdk/tools/gnutools/10.3/bin/../lib/gcc/arm-none-eabi/10.3.1/../../../../arm-none-eabi/lib/thumb/v7e-m+fp/softfp\libc.a(lib_a-lock.o)
                0x10009420                __retarget_lock_acquire_recursive
 .text.__retarget_lock_release_recursive
                0x10009424        0x4 j:/ece189/maximsdk/tools/gnutools/10.3/bin/../lib/gcc/arm-none-eabi/10.3.1/../../../../arm-none-eabi/lib/thumb/v7e-m+fp/softfp\libc.a(lib_a-lock.o)
                0x10009424                __retarget_lock_release_recursive
 .text.__smakebuf_r
                0x10009428       0xe0 j:/ece189/maximsdk/tools/gnutools/10.3/bin/../lib/gcc/arm-none-eabi/10.3.1/../../../../arm-none-eabi/lib/thumb/v7e-m+fp/softfp\libc.a(lib_a-makebuf.o)
                0x10009428                __smakebuf_r
 *fill*         0x10009508        0x8 
 .text          0x10009510       0xa0 j:/ece189/maximsdk/tools/gnutools/10.3/bin/../lib/gcc/arm-none-eabi/10.3.1/../../../../arm-none-eabi/lib/thumb/v7e-m+fp/softfp\libc.a(lib_a-memchr.o)
                0x10009510                memchr
 .text.memmove  0x100095b0       0xf8 j:/ece189/maximsdk/tools/gnutools/10.3/bin/../lib/gcc/arm-none-eabi/10.3.1/../../../../arm-none-eabi/lib/thumb/v7e-m+fp/softfp\libc.a(lib_a-memmove.o)
                0x100095b0                memmove
 .text._Balloc  0x100096a8       0x4c j:/ece189/maximsdk/tools/gnutools/10.3/bin/../lib/gcc/arm-none-eabi/10.3.1/../../../../arm-none-eabi/lib/thumb/v7e-m+fp/softfp\libc.a(lib_a-mprec.o)
                0x100096a8                _Balloc
 .text._Bfree   0x100096f4       0x14 j:/ece189/maximsdk/tools/gnutools/10.3/bin/../lib/gcc/arm-none-eabi/10.3.1/../../../../arm-none-eabi/lib/thumb/v7e-m+fp/softfp\libc.a(lib_a-mprec.o)
                0x100096f4                _Bfree
 .text.__multadd
                0x10009708       0xa8 j:/ece189/maximsdk/tools/gnutools/10.3/bin/../lib/gcc/arm-none-eabi/10.3.1/../../../../arm-none-eabi/lib/thumb/v7e-m+fp/softfp\libc.a(lib_a-mprec.o)
                0x10009708                __multadd
 .text.__hi0bits
                0x100097b0       0x40 j:/ece189/maximsdk/tools/gnutools/10.3/bin/../lib/gcc/arm-none-eabi/10.3.1/../../../../arm-none-eabi/lib/thumb/v7e-m+fp/softfp\libc.a(lib_a-mprec.o)
                0x100097b0                __hi0bits
 .text.__lo0bits
                0x100097f0       0x60 j:/ece189/maximsdk/tools/gnutools/10.3/bin/../lib/gcc/arm-none-eabi/10.3.1/../../../../arm-none-eabi/lib/thumb/v7e-m+fp/softfp\libc.a(lib_a-mprec.o)
                0x100097f0                __lo0bits
 .text.__i2b    0x10009850       0x5c j:/ece189/maximsdk/tools/gnutools/10.3/bin/../lib/gcc/arm-none-eabi/10.3.1/../../../../arm-none-eabi/lib/thumb/v7e-m+fp/softfp\libc.a(lib_a-mprec.o)
                0x10009850                __i2b
 .text.__multiply
                0x100098ac      0x15c j:/ece189/maximsdk/tools/gnutools/10.3/bin/../lib/gcc/arm-none-eabi/10.3.1/../../../../arm-none-eabi/lib/thumb/v7e-m+fp/softfp\libc.a(lib_a-mprec.o)
                0x100098ac                __multiply
 .text.__pow5mult
                0x10009a08       0xc0 j:/ece189/maximsdk/tools/gnutools/10.3/bin/../lib/gcc/arm-none-eabi/10.3.1/../../../../arm-none-eabi/lib/thumb/v7e-m+fp/softfp\libc.a(lib_a-mprec.o)
                0x10009a08                __pow5mult
 .text.__lshift
                0x10009ac8       0xf0 j:/ece189/maximsdk/tools/gnutools/10.3/bin/../lib/gcc/arm-none-eabi/10.3.1/../../../../arm-none-eabi/lib/thumb/v7e-m+fp/softfp\libc.a(lib_a-mprec.o)
                0x10009ac8                __lshift
 .text.__mcmp   0x10009bb8       0x44 j:/ece189/maximsdk/tools/gnutools/10.3/bin/../lib/gcc/arm-none-eabi/10.3.1/../../../../arm-none-eabi/lib/thumb/v7e-m+fp/softfp\libc.a(lib_a-mprec.o)
                0x10009bb8                __mcmp
 .text.__mdiff  0x10009bfc      0x14c j:/ece189/maximsdk/tools/gnutools/10.3/bin/../lib/gcc/arm-none-eabi/10.3.1/../../../../arm-none-eabi/lib/thumb/v7e-m+fp/softfp\libc.a(lib_a-mprec.o)
                0x10009bfc                __mdiff
 .text.__d2b    0x10009d48       0xc4 j:/ece189/maximsdk/tools/gnutools/10.3/bin/../lib/gcc/arm-none-eabi/10.3.1/../../../../arm-none-eabi/lib/thumb/v7e-m+fp/softfp\libc.a(lib_a-mprec.o)
                0x10009d48                __d2b
 .text._realloc_r
                0x10009e0c      0x3d8 j:/ece189/maximsdk/tools/gnutools/10.3/bin/../lib/gcc/arm-none-eabi/10.3.1/../../../../arm-none-eabi/lib/thumb/v7e-m+fp/softfp\libc.a(lib_a-reallocr.o)
                0x10009e0c                _realloc_r
 .text.frexp    0x1000a1e4       0x70 j:/ece189/maximsdk/tools/gnutools/10.3/bin/../lib/gcc/arm-none-eabi/10.3.1/../../../../arm-none-eabi/lib/thumb/v7e-m+fp/softfp\libc.a(lib_a-s_frexp.o)
                0x1000a1e4                frexp
 .text.__sread  0x1000a254       0x24 j:/ece189/maximsdk/tools/gnutools/10.3/bin/../lib/gcc/arm-none-eabi/10.3.1/../../../../arm-none-eabi/lib/thumb/v7e-m+fp/softfp\libc.a(lib_a-stdio.o)
                0x1000a254                __sread
 .text.__swrite
                0x1000a278       0x40 j:/ece189/maximsdk/tools/gnutools/10.3/bin/../lib/gcc/arm-none-eabi/10.3.1/../../../../arm-none-eabi/lib/thumb/v7e-m+fp/softfp\libc.a(lib_a-stdio.o)
                0x1000a278                __swrite
 .text.__sseek  0x1000a2b8       0x20 j:/ece189/maximsdk/tools/gnutools/10.3/bin/../lib/gcc/arm-none-eabi/10.3.1/../../../../arm-none-eabi/lib/thumb/v7e-m+fp/softfp\libc.a(lib_a-stdio.o)
                0x1000a2b8                __sseek
 .text.__sclose
                0x1000a2d8        0x8 j:/ece189/maximsdk/tools/gnutools/10.3/bin/../lib/gcc/arm-none-eabi/10.3.1/../../../../arm-none-eabi/lib/thumb/v7e-m+fp/softfp\libc.a(lib_a-stdio.o)
                0x1000a2d8                __sclose
 .text.strncpy  0x1000a2e0       0x64 j:/ece189/maximsdk/tools/gnutools/10.3/bin/../lib/gcc/arm-none-eabi/10.3.1/../../../../arm-none-eabi/lib/thumb/v7e-m+fp/softfp\libc.a(lib_a-strncpy.o)
                0x1000a2e0                strncpy
 .text.__ssprint_r
                0x1000a344       0xf8 j:/ece189/maximsdk/tools/gnutools/10.3/bin/../lib/gcc/arm-none-eabi/10.3.1/../../../../arm-none-eabi/lib/thumb/v7e-m+fp/softfp\libc.a(lib_a-svfiprintf.o)
                0x1000a344                __ssprint_r
 .text.__sprint_r.part.0
                0x1000a43c       0x78 j:/ece189/maximsdk/tools/gnutools/10.3/bin/../lib/gcc/arm-none-eabi/10.3.1/../../../../arm-none-eabi/lib/thumb/v7e-m+fp/softfp\libc.a(lib_a-vfiprintf.o)
 .text.__sprint_r
                0x1000a4b4       0x18 j:/ece189/maximsdk/tools/gnutools/10.3/bin/../lib/gcc/arm-none-eabi/10.3.1/../../../../arm-none-eabi/lib/thumb/v7e-m+fp/softfp\libc.a(lib_a-vfiprintf.o)
                0x1000a4b4                __sprint_r
 .text._vfiprintf_r
                0x1000a4cc      0xdfc j:/ece189/maximsdk/tools/gnutools/10.3/bin/../lib/gcc/arm-none-eabi/10.3.1/../../../../arm-none-eabi/lib/thumb/v7e-m+fp/softfp\libc.a(lib_a-vfiprintf.o)
                0x1000a4cc                _vfiprintf_r
 .text.__sbprintf
                0x1000b2c8       0x80 j:/ece189/maximsdk/tools/gnutools/10.3/bin/../lib/gcc/arm-none-eabi/10.3.1/../../../../arm-none-eabi/lib/thumb/v7e-m+fp/softfp\libc.a(lib_a-vfiprintf.o)
 .text.__swbuf_r
                0x1000b348       0xb0 j:/ece189/maximsdk/tools/gnutools/10.3/bin/../lib/gcc/arm-none-eabi/10.3.1/../../../../arm-none-eabi/lib/thumb/v7e-m+fp/softfp\libc.a(lib_a-wbuf.o)
                0x1000b348                __swbuf_r
 .text._write_r
                0x1000b3f8       0x2c j:/ece189/maximsdk/tools/gnutools/10.3/bin/../lib/gcc/arm-none-eabi/10.3.1/../../../../arm-none-eabi/lib/thumb/v7e-m+fp/softfp\libc.a(lib_a-writer.o)
                0x1000b3f8                _write_r
 .text.__register_exitproc
                0x1000b424       0x8c j:/ece189/maximsdk/tools/gnutools/10.3/bin/../lib/gcc/arm-none-eabi/10.3.1/../../../../arm-none-eabi/lib/thumb/v7e-m+fp/softfp\libc.a(lib_a-__atexit.o)
                0x1000b424                __register_exitproc
 .text.__assert_func
                0x1000b4b0       0x40 j:/ece189/maximsdk/tools/gnutools/10.3/bin/../lib/gcc/arm-none-eabi/10.3.1/../../../../arm-none-eabi/lib/thumb/v7e-m+fp/softfp\libc.a(lib_a-assert.o)
                0x1000b4b0                __assert_func
 .text._calloc_r
                0x1000b4f0       0x78 j:/ece189/maximsdk/tools/gnutools/10.3/bin/../lib/gcc/arm-none-eabi/10.3.1/../../../../arm-none-eabi/lib/thumb/v7e-m+fp/softfp\libc.a(lib_a-callocr.o)
                0x1000b4f0                _calloc_r
 .text._close_r
                0x1000b568       0x24 j:/ece189/maximsdk/tools/gnutools/10.3/bin/../lib/gcc/arm-none-eabi/10.3.1/../../../../arm-none-eabi/lib/thumb/v7e-m+fp/softfp\libc.a(lib_a-closer.o)
                0x1000b568                _close_r
 .text._fclose_r
                0x1000b58c       0xcc j:/ece189/maximsdk/tools/gnutools/10.3/bin/../lib/gcc/arm-none-eabi/10.3.1/../../../../arm-none-eabi/lib/thumb/v7e-m+fp/softfp\libc.a(lib_a-fclose.o)
                0x1000b58c                _fclose_r
 .text.fiprintf
                0x1000b658       0x28 j:/ece189/maximsdk/tools/gnutools/10.3/bin/../lib/gcc/arm-none-eabi/10.3.1/../../../../arm-none-eabi/lib/thumb/v7e-m+fp/softfp\libc.a(lib_a-fiprintf.o)
                0x1000b658                fiprintf
 .text.__fputwc
                0x1000b680       0xa8 j:/ece189/maximsdk/tools/gnutools/10.3/bin/../lib/gcc/arm-none-eabi/10.3.1/../../../../arm-none-eabi/lib/thumb/v7e-m+fp/softfp\libc.a(lib_a-fputwc.o)
                0x1000b680                __fputwc
 .text._fputwc_r
                0x1000b728       0x68 j:/ece189/maximsdk/tools/gnutools/10.3/bin/../lib/gcc/arm-none-eabi/10.3.1/../../../../arm-none-eabi/lib/thumb/v7e-m+fp/softfp\libc.a(lib_a-fputwc.o)
                0x1000b728                _fputwc_r
 .text._fstat_r
                0x1000b790       0x2c j:/ece189/maximsdk/tools/gnutools/10.3/bin/../lib/gcc/arm-none-eabi/10.3.1/../../../../arm-none-eabi/lib/thumb/v7e-m+fp/softfp\libc.a(lib_a-fstatr.o)
                0x1000b790                _fstat_r
 .text._isatty_r
                0x1000b7bc       0x24 j:/ece189/maximsdk/tools/gnutools/10.3/bin/../lib/gcc/arm-none-eabi/10.3.1/../../../../arm-none-eabi/lib/thumb/v7e-m+fp/softfp\libc.a(lib_a-isattyr.o)
                0x1000b7bc                _isatty_r
 .text.__locale_mb_cur_max
                0x1000b7e0        0xc j:/ece189/maximsdk/tools/gnutools/10.3/bin/../lib/gcc/arm-none-eabi/10.3.1/../../../../arm-none-eabi/lib/thumb/v7e-m+fp/softfp\libc.a(lib_a-locale.o)
                0x1000b7e0                __locale_mb_cur_max
 .text._lseek_r
                0x1000b7ec       0x2c j:/ece189/maximsdk/tools/gnutools/10.3/bin/../lib/gcc/arm-none-eabi/10.3.1/../../../../arm-none-eabi/lib/thumb/v7e-m+fp/softfp\libc.a(lib_a-lseekr.o)
                0x1000b7ec                _lseek_r
 .text.__ascii_mbtowc
                0x1000b818       0x2c j:/ece189/maximsdk/tools/gnutools/10.3/bin/../lib/gcc/arm-none-eabi/10.3.1/../../../../arm-none-eabi/lib/thumb/v7e-m+fp/softfp\libc.a(lib_a-mbtowc_r.o)
                0x1000b818                __ascii_mbtowc
 .text._read_r  0x1000b844       0x2c j:/ece189/maximsdk/tools/gnutools/10.3/bin/../lib/gcc/arm-none-eabi/10.3.1/../../../../arm-none-eabi/lib/thumb/v7e-m+fp/softfp\libc.a(lib_a-readr.o)
                0x1000b844                _read_r
 .text._wcrtomb_r
                0x1000b870       0x3c j:/ece189/maximsdk/tools/gnutools/10.3/bin/../lib/gcc/arm-none-eabi/10.3.1/../../../../arm-none-eabi/lib/thumb/v7e-m+fp/softfp\libc.a(lib_a-wcrtomb.o)
                0x1000b870                _wcrtomb_r
 .text.__ascii_wctomb
                0x1000b8ac       0x1c j:/ece189/maximsdk/tools/gnutools/10.3/bin/../lib/gcc/arm-none-eabi/10.3.1/../../../../arm-none-eabi/lib/thumb/v7e-m+fp/softfp\libc.a(lib_a-wctomb_r.o)
                0x1000b8ac                __ascii_wctomb
 .text.abort    0x1000b8c8       0x10 j:/ece189/maximsdk/tools/gnutools/10.3/bin/../lib/gcc/arm-none-eabi/10.3.1/../../../../arm-none-eabi/lib/thumb/v7e-m+fp/softfp\libc.a(lib_a-abort.o)
                0x1000b8c8                abort
 .text.raise    0x1000b8d8       0x5c j:/ece189/maximsdk/tools/gnutools/10.3/bin/../lib/gcc/arm-none-eabi/10.3.1/../../../../arm-none-eabi/lib/thumb/v7e-m+fp/softfp\libc.a(lib_a-signal.o)
                0x1000b8d8                raise
 .text._kill_r  0x1000b934       0x2c j:/ece189/maximsdk/tools/gnutools/10.3/bin/../lib/gcc/arm-none-eabi/10.3.1/../../../../arm-none-eabi/lib/thumb/v7e-m+fp/softfp\libc.a(lib_a-signalr.o)
                0x1000b934                _kill_r
 .text._getpid_r
                0x1000b960        0x4 j:/ece189/maximsdk/tools/gnutools/10.3/bin/../lib/gcc/arm-none-eabi/10.3.1/../../../../arm-none-eabi/lib/thumb/v7e-m+fp/softfp\libc.a(lib_a-signalr.o)
                0x1000b960                _getpid_r
 .text._getpid  0x1000b964       0x10 j:/ece189/maximsdk/tools/gnutools/10.3/bin/../lib/gcc/arm-none-eabi/10.3.1/../../../../arm-none-eabi/lib/thumb/v7e-m+fp/softfp\libnosys.a(getpid.o)
                0x1000b964                _getpid
 .text._kill    0x1000b974       0x10 j:/ece189/maximsdk/tools/gnutools/10.3/bin/../lib/gcc/arm-none-eabi/10.3.1/../../../../arm-none-eabi/lib/thumb/v7e-m+fp/softfp\libnosys.a(kill.o)
                0x1000b974                _kill
 .text._exit    0x1000b984        0x4 j:/ece189/maximsdk/tools/gnutools/10.3/bin/../lib/gcc/arm-none-eabi/10.3.1/../../../../arm-none-eabi/lib/thumb/v7e-m+fp/softfp\libnosys.a(_exit.o)
                0x1000b984                _exit
 .text          0x1000b988      0x378 j:/ece189/maximsdk/tools/gnutools/10.3/bin/../lib/gcc/arm-none-eabi/10.3.1/thumb/v7e-m+fp/softfp\libgcc.a(_arm_addsubdf3.o)
                0x1000b988                __aeabi_drsub
                0x1000b990                __aeabi_dsub
                0x1000b990                __subdf3
                0x1000b994                __aeabi_dadd
                0x1000b994                __adddf3
                0x1000bc0c                __floatunsidf
                0x1000bc0c                __aeabi_ui2d
                0x1000bc2c                __floatsidf
                0x1000bc2c                __aeabi_i2d
                0x1000bc50                __aeabi_f2d
                0x1000bc50                __extendsfdf2
                0x1000bc94                __floatundidf
                0x1000bc94                __aeabi_ul2d
                0x1000bca4                __floatdidf
                0x1000bca4                __aeabi_l2d
 .text          0x1000bd00      0x424 j:/ece189/maximsdk/tools/gnutools/10.3/bin/../lib/gcc/arm-none-eabi/10.3.1/thumb/v7e-m+fp/softfp\libgcc.a(_arm_muldivdf3.o)
                0x1000bd00                __aeabi_dmul
                0x1000bd00                __muldf3
                0x1000bf54                __divdf3
                0x1000bf54                __aeabi_ddiv
 .text          0x1000c124      0x110 j:/ece189/maximsdk/tools/gnutools/10.3/bin/../lib/gcc/arm-none-eabi/10.3.1/thumb/v7e-m+fp/softfp\libgcc.a(_arm_cmpdf2.o)
                0x1000c124                __gtdf2
                0x1000c124                __gedf2
                0x1000c12c                __ltdf2
                0x1000c12c                __ledf2
                0x1000c134                __nedf2
                0x1000c134                __eqdf2
                0x1000c134                __cmpdf2
                0x1000c1b0                __aeabi_cdrcmple
                0x1000c1c0                __aeabi_cdcmpeq
                0x1000c1c0                __aeabi_cdcmple
                0x1000c1d0                __aeabi_dcmpeq
                0x1000c1e4                __aeabi_dcmplt
                0x1000c1f8                __aeabi_dcmple
                0x1000c20c                __aeabi_dcmpge
                0x1000c220                __aeabi_dcmpgt
 .text          0x1000c234       0x2c j:/ece189/maximsdk/tools/gnutools/10.3/bin/../lib/gcc/arm-none-eabi/10.3.1/thumb/v7e-m+fp/softfp\libgcc.a(_arm_unorddf2.o)
                0x1000c234                __unorddf2
                0x1000c234                __aeabi_dcmpun
 .text          0x1000c260       0x50 j:/ece189/maximsdk/tools/gnutools/10.3/bin/../lib/gcc/arm-none-eabi/10.3.1/thumb/v7e-m+fp/softfp\libgcc.a(_arm_fixdfsi.o)
                0x1000c260                __aeabi_d2iz
                0x1000c260                __fixdfsi
 .text          0x1000c2b0       0x30 j:/ece189/maximsdk/tools/gnutools/10.3/bin/../lib/gcc/arm-none-eabi/10.3.1/thumb/v7e-m+fp/softfp\libgcc.a(_aeabi_uldivmod.o)
                0x1000c2b0                __aeabi_uldivmod
 .text          0x1000c2e0      0x2d0 j:/ece189/maximsdk/tools/gnutools/10.3/bin/../lib/gcc/arm-none-eabi/10.3.1/thumb/v7e-m+fp/softfp\libgcc.a(_udivmoddi4.o)
                0x1000c2e0                __udivmoddi4
 .text          0x1000c5b0        0x4 j:/ece189/maximsdk/tools/gnutools/10.3/bin/../lib/gcc/arm-none-eabi/10.3.1/thumb/v7e-m+fp/softfp\libgcc.a(_dvmd_tls.o)
                0x1000c5b0                __aeabi_idiv0
                0x1000c5b0                __aeabi_ldiv0
 *(.rodata*)
 .rodata.main.str1.4
                0x1000c5b4       0xc1 J:/ECE189/MaximSDK/Examples/MAX78000/CameraIF/build/main.o
 *fill*         0x1000c675        0x3 
 .rodata        0x1000c678       0x12 J:/ECE189/MaximSDK/Examples/MAX78000/CameraIF/build/utils.o
 *fill*         0x1000c68a        0x2 
 .rodata.mxc_assert.str1.4
                0x1000c68c       0x19 J:/ECE189/MaximSDK/Examples/MAX78000/CameraIF/build/board.o
 *fill*         0x1000c6a5        0x3 
 .rodata.Board_Init.str1.4
                0x1000c6a8       0x4d J:/ECE189/MaximSDK/Examples/MAX78000/CameraIF/build/board.o
 *fill*         0x1000c6f5        0x3 
 .rodata.led_pin
                0x1000c6f8       0x24 J:/ECE189/MaximSDK/Examples/MAX78000/CameraIF/build/board.o
                0x1000c6f8                led_pin
 .rodata.num_leds
                0x1000c71c        0x4 J:/ECE189/MaximSDK/Examples/MAX78000/CameraIF/build/board.o
                0x1000c71c                num_leds
 .rodata.num_pbs
                0x1000c720        0x4 J:/ECE189/MaximSDK/Examples/MAX78000/CameraIF/build/board.o
                0x1000c720                num_pbs
 .rodata.pb_pin
                0x1000c724       0x18 J:/ECE189/MaximSDK/Examples/MAX78000/CameraIF/build/board.o
                0x1000c724                pb_pin
 .rodata.LED_On.str1.4
                0x1000c73c       0x67 J:/ECE189/MaximSDK/Examples/MAX78000/CameraIF/build/led.o
 *fill*         0x1000c7a3        0x1 
 .rodata.camera_setup.str1.4
                0x1000c7a4       0x1b J:/ECE189/MaximSDK/Examples/MAX78000/CameraIF/build/camera.o
 *fill*         0x1000c7bf        0x1 
 .rodata.camera_get_pixel_format.str1.4
                0x1000c7c0       0x30 J:/ECE189/MaximSDK/Examples/MAX78000/CameraIF/build/camera.o
 .rodata.dump_registers.str1.4
                0x1000c7f0       0x12 J:/ECE189/MaximSDK/Examples/MAX78000/CameraIF/build/ov7692.o
 *fill*         0x1000c802        0x2 
 .rodata.default_regs
                0x1000c804       0x66 J:/ECE189/MaximSDK/Examples/MAX78000/CameraIF/build/ov7692.o
 *fill*         0x1000c86a        0x2 
 .rodata.gpio_cfg_scl
                0x1000c86c        0xc J:/ECE189/MaximSDK/Examples/MAX78000/CameraIF/build/sccb.o
 .rodata.gpio_cfg_sda
                0x1000c878        0xc J:/ECE189/MaximSDK/Examples/MAX78000/CameraIF/build/sccb.o
 .rodata.gpio_cfg_i2c0
                0x1000c884        0xc J:/ECE189/MaximSDK/Libraries/PeriphDrivers/bin/MAX78000/softfp/libPeriphDriver_softfp.a(pins_ai85.o)
                0x1000c884                gpio_cfg_i2c0
 .rodata.gpio_cfg_i2c1
                0x1000c890        0xc J:/ECE189/MaximSDK/Libraries/PeriphDrivers/bin/MAX78000/softfp/libPeriphDriver_softfp.a(pins_ai85.o)
                0x1000c890                gpio_cfg_i2c1
 .rodata.gpio_cfg_i2c2
                0x1000c89c        0xc J:/ECE189/MaximSDK/Libraries/PeriphDrivers/bin/MAX78000/softfp/libPeriphDriver_softfp.a(pins_ai85.o)
                0x1000c89c                gpio_cfg_i2c2
 .rodata.gpio_cfg_pcif_P0_BITS_0_7
                0x1000c8a8        0xc J:/ECE189/MaximSDK/Libraries/PeriphDrivers/bin/MAX78000/softfp/libPeriphDriver_softfp.a(pins_ai85.o)
                0x1000c8a8                gpio_cfg_pcif_P0_BITS_0_7
 .rodata.gpio_cfg_pcif_P0_BITS_8_9
                0x1000c8b4        0xc J:/ECE189/MaximSDK/Libraries/PeriphDrivers/bin/MAX78000/softfp/libPeriphDriver_softfp.a(pins_ai85.o)
                0x1000c8b4                gpio_cfg_pcif_P0_BITS_8_9
 .rodata.gpio_cfg_pcif_P1_BITS_10_11
                0x1000c8c0        0xc J:/ECE189/MaximSDK/Libraries/PeriphDrivers/bin/MAX78000/softfp/libPeriphDriver_softfp.a(pins_ai85.o)
                0x1000c8c0                gpio_cfg_pcif_P1_BITS_10_11
 .rodata.gpio_cfg_pcif_hsync
                0x1000c8cc        0xc J:/ECE189/MaximSDK/Libraries/PeriphDrivers/bin/MAX78000/softfp/libPeriphDriver_softfp.a(pins_ai85.o)
                0x1000c8cc                gpio_cfg_pcif_hsync
 .rodata.gpio_cfg_pcif_vsync
                0x1000c8d8        0xc J:/ECE189/MaximSDK/Libraries/PeriphDrivers/bin/MAX78000/softfp/libPeriphDriver_softfp.a(pins_ai85.o)
                0x1000c8d8                gpio_cfg_pcif_vsync
 .rodata.gpio_cfg_pcif_xclk
                0x1000c8e4        0xc J:/ECE189/MaximSDK/Libraries/PeriphDrivers/bin/MAX78000/softfp/libPeriphDriver_softfp.a(pins_ai85.o)
                0x1000c8e4                gpio_cfg_pcif_xclk
 .rodata.gpio_cfg_pt0
                0x1000c8f0        0xc J:/ECE189/MaximSDK/Libraries/PeriphDrivers/bin/MAX78000/softfp/libPeriphDriver_softfp.a(pins_ai85.o)
                0x1000c8f0                gpio_cfg_pt0
 .rodata.gpio_cfg_pt1
                0x1000c8fc        0xc J:/ECE189/MaximSDK/Libraries/PeriphDrivers/bin/MAX78000/softfp/libPeriphDriver_softfp.a(pins_ai85.o)
                0x1000c8fc                gpio_cfg_pt1
 .rodata.gpio_cfg_pt2
                0x1000c908        0xc J:/ECE189/MaximSDK/Libraries/PeriphDrivers/bin/MAX78000/softfp/libPeriphDriver_softfp.a(pins_ai85.o)
                0x1000c908                gpio_cfg_pt2
 .rodata.gpio_cfg_pt3
                0x1000c914        0xc J:/ECE189/MaximSDK/Libraries/PeriphDrivers/bin/MAX78000/softfp/libPeriphDriver_softfp.a(pins_ai85.o)
                0x1000c914                gpio_cfg_pt3
 .rodata.gpio_cfg_uart0
                0x1000c920        0xc J:/ECE189/MaximSDK/Libraries/PeriphDrivers/bin/MAX78000/softfp/libPeriphDriver_softfp.a(pins_ai85.o)
                0x1000c920                gpio_cfg_uart0
 .rodata.gpio_cfg_uart1
                0x1000c92c        0xc J:/ECE189/MaximSDK/Libraries/PeriphDrivers/bin/MAX78000/softfp/libPeriphDriver_softfp.a(pins_ai85.o)
                0x1000c92c                gpio_cfg_uart1
 .rodata.gpio_cfg_uart2
                0x1000c938        0xc J:/ECE189/MaximSDK/Libraries/PeriphDrivers/bin/MAX78000/softfp/libPeriphDriver_softfp.a(pins_ai85.o)
                0x1000c938                gpio_cfg_uart2
 .rodata.gpio_cfg_uart3
                0x1000c944        0xc J:/ECE189/MaximSDK/Libraries/PeriphDrivers/bin/MAX78000/softfp/libPeriphDriver_softfp.a(pins_ai85.o)
                0x1000c944                gpio_cfg_uart3
 .rodata.MXC_PT_Init.str1.4
                0x1000c950       0x55 J:/ECE189/MaximSDK/Libraries/PeriphDrivers/bin/MAX78000/softfp/libPeriphDriver_softfp.a(pt_me17.o)
 *fill*         0x1000c9a5        0x3 
 .rodata.MXC_PT_RevA_Config.str1.4
                0x1000c9a8       0x51 J:/ECE189/MaximSDK/Libraries/PeriphDrivers/bin/MAX78000/softfp/libPeriphDriver_softfp.a(pt_reva.o)
 *fill*         0x1000c9f9        0x3 
 .rodata.MXC_GPIO_Common_Handler.str1.4
                0x1000c9fc       0x6a J:/ECE189/MaximSDK/Libraries/PeriphDrivers/bin/MAX78000/softfp/libPeriphDriver_softfp.a(gpio_common.o)
 *fill*         0x1000ca66        0x2 
 .rodata._global_impure_ptr
                0x1000ca68        0x4 j:/ece189/maximsdk/tools/gnutools/10.3/bin/../lib/gcc/arm-none-eabi/10.3.1/../../../../arm-none-eabi/lib/thumb/v7e-m+fp/softfp\libc.a(lib_a-impure.o)
                0x1000ca68                _global_impure_ptr
 .rodata._puts_r.str1.4
                0x1000ca6c       0x6a j:/ece189/maximsdk/tools/gnutools/10.3/bin/../lib/gcc/arm-none-eabi/10.3.1/../../../../arm-none-eabi/lib/thumb/v7e-m+fp/softfp\libc.a(lib_a-puts.o)
                                  0x2 (size before relaxing)
 .rodata._svfprintf_r.str1.4
                0x1000ca6c       0x42 j:/ece189/maximsdk/tools/gnutools/10.3/bin/../lib/gcc/arm-none-eabi/10.3.1/../../../../arm-none-eabi/lib/thumb/v7e-m+fp/softfp\libc.a(lib_a-svfprintf.o)
 *fill*         0x1000caae        0x2 
 .rodata.blanks.1
                0x1000cab0       0x10 j:/ece189/maximsdk/tools/gnutools/10.3/bin/../lib/gcc/arm-none-eabi/10.3.1/../../../../arm-none-eabi/lib/thumb/v7e-m+fp/softfp\libc.a(lib_a-svfprintf.o)
 .rodata.zeroes.0
                0x1000cac0       0x10 j:/ece189/maximsdk/tools/gnutools/10.3/bin/../lib/gcc/arm-none-eabi/10.3.1/../../../../arm-none-eabi/lib/thumb/v7e-m+fp/softfp\libc.a(lib_a-svfprintf.o)
 .rodata._vfprintf_r.str1.4
                0x1000cad0       0x42 j:/ece189/maximsdk/tools/gnutools/10.3/bin/../lib/gcc/arm-none-eabi/10.3.1/../../../../arm-none-eabi/lib/thumb/v7e-m+fp/softfp\libc.a(lib_a-vfprintf.o)
 .rodata.blanks.1
                0x1000cad0       0x10 j:/ece189/maximsdk/tools/gnutools/10.3/bin/../lib/gcc/arm-none-eabi/10.3.1/../../../../arm-none-eabi/lib/thumb/v7e-m+fp/softfp\libc.a(lib_a-vfprintf.o)
 .rodata.zeroes.0
                0x1000cae0       0x10 j:/ece189/maximsdk/tools/gnutools/10.3/bin/../lib/gcc/arm-none-eabi/10.3.1/../../../../arm-none-eabi/lib/thumb/v7e-m+fp/softfp\libc.a(lib_a-vfprintf.o)
 .rodata._dtoa_r.str1.4
                0x1000caf0       0xa2 j:/ece189/maximsdk/tools/gnutools/10.3/bin/../lib/gcc/arm-none-eabi/10.3.1/../../../../arm-none-eabi/lib/thumb/v7e-m+fp/softfp\libc.a(lib_a-dtoa.o)
                                 0xa6 (size before relaxing)
 *fill*         0x1000cb92        0x2 
 .rodata.__multadd.str1.4
                0x1000cb94       0x7f j:/ece189/maximsdk/tools/gnutools/10.3/bin/../lib/gcc/arm-none-eabi/10.3.1/../../../../arm-none-eabi/lib/thumb/v7e-m+fp/softfp\libc.a(lib_a-mprec.o)
                                 0x93 (size before relaxing)
 *fill*         0x1000cc13        0x5 
 .rodata.__mprec_bigtens
                0x1000cc18       0x28 j:/ece189/maximsdk/tools/gnutools/10.3/bin/../lib/gcc/arm-none-eabi/10.3.1/../../../../arm-none-eabi/lib/thumb/v7e-m+fp/softfp\libc.a(lib_a-mprec.o)
                0x1000cc18                __mprec_bigtens
 .rodata.__mprec_tens
                0x1000cc40       0xc8 j:/ece189/maximsdk/tools/gnutools/10.3/bin/../lib/gcc/arm-none-eabi/10.3.1/../../../../arm-none-eabi/lib/thumb/v7e-m+fp/softfp\libc.a(lib_a-mprec.o)
                0x1000cc40                __mprec_tens
 .rodata.p05.0  0x1000cd08        0xc j:/ece189/maximsdk/tools/gnutools/10.3/bin/../lib/gcc/arm-none-eabi/10.3.1/../../../../arm-none-eabi/lib/thumb/v7e-m+fp/softfp\libc.a(lib_a-mprec.o)
 .rodata._vfiprintf_r.str1.4
                0x1000cd14       0x2f j:/ece189/maximsdk/tools/gnutools/10.3/bin/../lib/gcc/arm-none-eabi/10.3.1/../../../../arm-none-eabi/lib/thumb/v7e-m+fp/softfp\libc.a(lib_a-vfiprintf.o)
 .rodata.blanks.1
                0x1000cd14       0x10 j:/ece189/maximsdk/tools/gnutools/10.3/bin/../lib/gcc/arm-none-eabi/10.3.1/../../../../arm-none-eabi/lib/thumb/v7e-m+fp/softfp\libc.a(lib_a-vfiprintf.o)
 .rodata.zeroes.0
                0x1000cd24       0x10 j:/ece189/maximsdk/tools/gnutools/10.3/bin/../lib/gcc/arm-none-eabi/10.3.1/../../../../arm-none-eabi/lib/thumb/v7e-m+fp/softfp\libc.a(lib_a-vfiprintf.o)
 .rodata.__assert_func.str1.4
                0x1000cd34       0x3f j:/ece189/maximsdk/tools/gnutools/10.3/bin/../lib/gcc/arm-none-eabi/10.3.1/../../../../arm-none-eabi/lib/thumb/v7e-m+fp/softfp\libc.a(lib_a-assert.o)
                                 0x43 (size before relaxing)
 *fill*         0x1000cd73        0x1 
 .rodata._setlocale_r.str1.4
                0x1000cd74        0xa j:/ece189/maximsdk/tools/gnutools/10.3/bin/../lib/gcc/arm-none-eabi/10.3.1/../../../../arm-none-eabi/lib/thumb/v7e-m+fp/softfp\libc.a(lib_a-locale.o)
                                  0xd (size before relaxing)
 *fill*         0x1000cd7e        0x2 
 .rodata.str1.4
                0x1000cd80        0x2 j:/ece189/maximsdk/tools/gnutools/10.3/bin/../lib/gcc/arm-none-eabi/10.3.1/../../../../arm-none-eabi/lib/thumb/v7e-m+fp/softfp\libc.a(lib_a-locale.o)
 *fill*         0x1000cd82        0x2 
 .rodata._ctype_
                0x1000cd84      0x101 j:/ece189/maximsdk/tools/gnutools/10.3/bin/../lib/gcc/arm-none-eabi/10.3.1/../../../../arm-none-eabi/lib/thumb/v7e-m+fp/softfp\libc.a(lib_a-ctype_.o)
                0x1000cd84                _ctype_
 *(.init)
 *fill*         0x1000ce85        0x3 
 .init          0x1000ce88        0x4 j:/ece189/maximsdk/tools/gnutools/10.3/bin/../lib/gcc/arm-none-eabi/10.3.1/thumb/v7e-m+fp/softfp/crti.o
                0x1000ce88                _init
 .init          0x1000ce8c        0x8 j:/ece189/maximsdk/tools/gnutools/10.3/bin/../lib/gcc/arm-none-eabi/10.3.1/thumb/v7e-m+fp/softfp/crtn.o
 *(.fini)
 .fini          0x1000ce94        0x4 j:/ece189/maximsdk/tools/gnutools/10.3/bin/../lib/gcc/arm-none-eabi/10.3.1/thumb/v7e-m+fp/softfp/crti.o
                0x1000ce94                _fini
 .fini          0x1000ce98        0x8 j:/ece189/maximsdk/tools/gnutools/10.3/bin/../lib/gcc/arm-none-eabi/10.3.1/thumb/v7e-m+fp/softfp/crtn.o
 *(.eh_frame*)
 .eh_frame      0x1000cea0        0x0 j:/ece189/maximsdk/tools/gnutools/10.3/bin/../lib/gcc/arm-none-eabi/10.3.1/thumb/v7e-m+fp/softfp/crtbegin.o
 .eh_frame      0x1000cea0        0x4 j:/ece189/maximsdk/tools/gnutools/10.3/bin/../lib/gcc/arm-none-eabi/10.3.1/thumb/v7e-m+fp/softfp/crtend.o
                0x1000cea4                _etext = .

.glue_7         0x1000cea4        0x0
 .glue_7        0x1000cea4        0x0 linker stubs

.glue_7t        0x1000cea4        0x0
 .glue_7t       0x1000cea4        0x0 linker stubs

.vfp11_veneer   0x1000cea4        0x0
 .vfp11_veneer  0x1000cea4        0x0 linker stubs

.v4_bx          0x1000cea4        0x0
 .v4_bx         0x1000cea4        0x0 linker stubs

.iplt           0x1000cea4        0x0
 .iplt          0x1000cea4        0x0 j:/ece189/maximsdk/tools/gnutools/10.3/bin/../lib/gcc/arm-none-eabi/10.3.1/thumb/v7e-m+fp/softfp/crtbegin.o

.bin_storage    0x1000cea4        0x0
 FILL mask 0xff
                0x1000cea4                _bin_start_ = .
 *(.bin_storage_img)
                0x1000cea4                _bin_end_ = .
                0x1000cea4                . = ALIGN (0x4)

.rom_code       0x00000000        0x0
                0x00000000                . = ALIGN (0x10)
                0x20000000                _sran_code = .
 *(.rom_code_section)
                0x20000000                _esran_code = .

.flash_code     0x1000cea4        0xc
                0x1000ceb0                . = ALIGN (0x10)
 *fill*         0x1000cea4        0xc 
                0x20000000                _sran_code = .
 *(.flash_code_section)
                0x20000000                _esran_code = .

.sram_code      0x20000000        0x0
                0x20000000                . = ALIGN (0x10)
                0x20000000                _sran_code = .
 *(.sram_code_section)
                0x20000000                _esran_code = .

.ARM.exidx      0x1000ceb0        0x8
                0x1000ceb0                __exidx_start = .
 *(.ARM.exidx*)
 .ARM.exidx     0x1000ceb0        0x8 j:/ece189/maximsdk/tools/gnutools/10.3/bin/../lib/gcc/arm-none-eabi/10.3.1/thumb/v7e-m+fp/softfp\libgcc.a(_udivmoddi4.o)
                0x1000ceb8                __exidx_end = .

.rel.dyn        0x1000ceb8        0x0
 .rel.iplt      0x1000ceb8        0x0 j:/ece189/maximsdk/tools/gnutools/10.3/bin/../lib/gcc/arm-none-eabi/10.3.1/thumb/v7e-m+fp/softfp/crtbegin.o

.data           0x20000000      0x9d4 load address 0x1000ceb8
                0x20000000                _data = ALIGN (., 0x4)
 *(.data*)
 .data.ConsoleUart
                0x20000000        0x4 J:/ECE189/MaximSDK/Examples/MAX78000/CameraIF/build/board.o
                0x20000000                ConsoleUart
 .data.g_framesize_height
                0x20000004        0x4 J:/ECE189/MaximSDK/Examples/MAX78000/CameraIF/build/camera.o
 .data.g_framesize_width
                0x20000008        0x4 J:/ECE189/MaximSDK/Examples/MAX78000/CameraIF/build/camera.o
 .data.g_stream_buffer_size
                0x2000000c        0x4 J:/ECE189/MaximSDK/Examples/MAX78000/CameraIF/build/camera.o
 .data.g_pixelformat
                0x20000010        0x1 J:/ECE189/MaximSDK/Examples/MAX78000/CameraIF/build/ov7692.o
 *fill*         0x20000011        0x3 
 .data.overflows
                0x20000014        0x4 J:/ECE189/MaximSDK/Libraries/PeriphDrivers/bin/MAX78000/softfp/libPeriphDriver_softfp.a(mxc_delay.o)
 .data._impure_ptr
                0x20000018        0x4 j:/ece189/maximsdk/tools/gnutools/10.3/bin/../lib/gcc/arm-none-eabi/10.3.1/../../../../arm-none-eabi/lib/thumb/v7e-m+fp/softfp\libc.a(lib_a-impure.o)
                0x20000018                _impure_ptr
 *fill*         0x2000001c        0x4 
 .data.impure_data
                0x20000020      0x428 j:/ece189/maximsdk/tools/gnutools/10.3/bin/../lib/gcc/arm-none-eabi/10.3.1/../../../../arm-none-eabi/lib/thumb/v7e-m+fp/softfp\libc.a(lib_a-impure.o)
 .data.__malloc_av_
                0x20000448      0x408 j:/ece189/maximsdk/tools/gnutools/10.3/bin/../lib/gcc/arm-none-eabi/10.3.1/../../../../arm-none-eabi/lib/thumb/v7e-m+fp/softfp\libc.a(lib_a-mallocr.o)
                0x20000448                __malloc_av_
 .data.__malloc_sbrk_base
                0x20000850        0x4 j:/ece189/maximsdk/tools/gnutools/10.3/bin/../lib/gcc/arm-none-eabi/10.3.1/../../../../arm-none-eabi/lib/thumb/v7e-m+fp/softfp\libc.a(lib_a-mallocr.o)
                0x20000850                __malloc_sbrk_base
 .data.__malloc_trim_threshold
                0x20000854        0x4 j:/ece189/maximsdk/tools/gnutools/10.3/bin/../lib/gcc/arm-none-eabi/10.3.1/../../../../arm-none-eabi/lib/thumb/v7e-m+fp/softfp\libc.a(lib_a-mallocr.o)
                0x20000854                __malloc_trim_threshold
 .data.__atexit_recursive_mutex
                0x20000858        0x4 j:/ece189/maximsdk/tools/gnutools/10.3/bin/../lib/gcc/arm-none-eabi/10.3.1/../../../../arm-none-eabi/lib/thumb/v7e-m+fp/softfp\libc.a(lib_a-__call_atexit.o)
                0x20000858                __atexit_recursive_mutex
 .data.__global_locale
                0x2000085c      0x16c j:/ece189/maximsdk/tools/gnutools/10.3/bin/../lib/gcc/arm-none-eabi/10.3.1/../../../../arm-none-eabi/lib/thumb/v7e-m+fp/softfp\libc.a(lib_a-locale.o)
                0x2000085c                __global_locale
 *(.flashprog*)
                0x200009c8                . = ALIGN (0x4)
                0x200009c8                PROVIDE (__preinit_array_start = .)
 *(.preinit_array)
                0x200009c8                PROVIDE (__preinit_array_end = .)